Archive member included to satisfy reference by file (symbol)

LCD/libLCD.a(LCD_1in3.c.obj)  CMakeFiles/main.dir/main.c.obj (LCD_1IN3_Init)
Config/libConfig.a(DEV_Config.c.obj)
                              LCD/libLCD.a(LCD_1in3.c.obj) (DEV_Digital_Write)
/usr/lib/gcc/arm-none-eabi/9.2.1/thumb/v6-m/nofp/libgcc.a(_dvmd_tls.o)
                              CMakeFiles/main.dir/home/dan/raspberry-pi-pico/pico/pico-sdk/src/rp2_common/pico_divider/divider.S.obj (__aeabi_idiv0)
/usr/lib/gcc/arm-none-eabi/9.2.1/../../../arm-none-eabi/lib/thumb/v6-m/nofp/libg.a(lib_a-atexit.o)
                              /usr/lib/gcc/arm-none-eabi/9.2.1/../../../arm-none-eabi/lib/thumb/v6-m/nofp/crt0.o (atexit)
/usr/lib/gcc/arm-none-eabi/9.2.1/../../../arm-none-eabi/lib/thumb/v6-m/nofp/libg.a(lib_a-calloc.o)
                              CMakeFiles/main.dir/home/dan/raspberry-pi-pico/pico/pico-sdk/src/rp2_common/pico_malloc/pico_malloc.c.obj (calloc)
/usr/lib/gcc/arm-none-eabi/9.2.1/../../../arm-none-eabi/lib/thumb/v6-m/nofp/libg.a(lib_a-callocr.o)
                              /usr/lib/gcc/arm-none-eabi/9.2.1/../../../arm-none-eabi/lib/thumb/v6-m/nofp/libg.a(lib_a-calloc.o) (_calloc_r)
/usr/lib/gcc/arm-none-eabi/9.2.1/../../../arm-none-eabi/lib/thumb/v6-m/nofp/libg.a(lib_a-fini.o)
                              /usr/lib/gcc/arm-none-eabi/9.2.1/../../../arm-none-eabi/lib/thumb/v6-m/nofp/crt0.o (__libc_fini_array)
/usr/lib/gcc/arm-none-eabi/9.2.1/../../../arm-none-eabi/lib/thumb/v6-m/nofp/libg.a(lib_a-impure.o)
                              /usr/lib/gcc/arm-none-eabi/9.2.1/../../../arm-none-eabi/lib/thumb/v6-m/nofp/libg.a(lib_a-calloc.o) (_impure_ptr)
/usr/lib/gcc/arm-none-eabi/9.2.1/../../../arm-none-eabi/lib/thumb/v6-m/nofp/libg.a(lib_a-init.o)
                              /usr/lib/gcc/arm-none-eabi/9.2.1/../../../arm-none-eabi/lib/thumb/v6-m/nofp/crt0.o (__libc_init_array)
/usr/lib/gcc/arm-none-eabi/9.2.1/../../../arm-none-eabi/lib/thumb/v6-m/nofp/libg.a(lib_a-malloc.o)
                              CMakeFiles/main.dir/home/dan/raspberry-pi-pico/pico/pico-sdk/src/rp2_common/pico_malloc/pico_malloc.c.obj (malloc)
/usr/lib/gcc/arm-none-eabi/9.2.1/../../../arm-none-eabi/lib/thumb/v6-m/nofp/libg.a(lib_a-mallocr.o)
                              /usr/lib/gcc/arm-none-eabi/9.2.1/../../../arm-none-eabi/lib/thumb/v6-m/nofp/libg.a(lib_a-callocr.o) (_malloc_r)
/usr/lib/gcc/arm-none-eabi/9.2.1/../../../arm-none-eabi/lib/thumb/v6-m/nofp/libg.a(lib_a-mlock.o)
                              /usr/lib/gcc/arm-none-eabi/9.2.1/../../../arm-none-eabi/lib/thumb/v6-m/nofp/libg.a(lib_a-mallocr.o) (__malloc_lock)
/usr/lib/gcc/arm-none-eabi/9.2.1/../../../arm-none-eabi/lib/thumb/v6-m/nofp/libg.a(lib_a-realloc.o)
                              CMakeFiles/main.dir/home/dan/raspberry-pi-pico/pico/pico-sdk/src/rp2_common/pico_malloc/pico_malloc.c.obj (realloc)
/usr/lib/gcc/arm-none-eabi/9.2.1/../../../arm-none-eabi/lib/thumb/v6-m/nofp/libg.a(lib_a-reallocr.o)
                              /usr/lib/gcc/arm-none-eabi/9.2.1/../../../arm-none-eabi/lib/thumb/v6-m/nofp/libg.a(lib_a-realloc.o) (_realloc_r)
/usr/lib/gcc/arm-none-eabi/9.2.1/../../../arm-none-eabi/lib/thumb/v6-m/nofp/libg.a(lib_a-sbrkr.o)
                              /usr/lib/gcc/arm-none-eabi/9.2.1/../../../arm-none-eabi/lib/thumb/v6-m/nofp/libg.a(lib_a-mallocr.o) (_sbrk_r)
/usr/lib/gcc/arm-none-eabi/9.2.1/../../../arm-none-eabi/lib/thumb/v6-m/nofp/libg.a(lib_a-strlen-stub.o)
                              CMakeFiles/main.dir/home/dan/raspberry-pi-pico/pico/pico-sdk/src/rp2_common/pico_stdio/stdio.c.obj (strlen)
/usr/lib/gcc/arm-none-eabi/9.2.1/../../../arm-none-eabi/lib/thumb/v6-m/nofp/libg.a(lib_a-__atexit.o)
                              /usr/lib/gcc/arm-none-eabi/9.2.1/../../../arm-none-eabi/lib/thumb/v6-m/nofp/libg.a(lib_a-atexit.o) (__register_exitproc)
/usr/lib/gcc/arm-none-eabi/9.2.1/../../../arm-none-eabi/lib/thumb/v6-m/nofp/libg.a(lib_a-freer.o)
                              /usr/lib/gcc/arm-none-eabi/9.2.1/../../../arm-none-eabi/lib/thumb/v6-m/nofp/libg.a(lib_a-malloc.o) (_free_r)
/usr/lib/gcc/arm-none-eabi/9.2.1/../../../arm-none-eabi/lib/thumb/v6-m/nofp/libg.a(lib_a-memmove.o)
                              /usr/lib/gcc/arm-none-eabi/9.2.1/../../../arm-none-eabi/lib/thumb/v6-m/nofp/libg.a(lib_a-reallocr.o) (memmove)
/usr/lib/gcc/arm-none-eabi/9.2.1/../../../arm-none-eabi/lib/thumb/v6-m/nofp/libg.a(lib_a-reent.o)
                              /usr/lib/gcc/arm-none-eabi/9.2.1/../../../arm-none-eabi/lib/thumb/v6-m/nofp/libg.a(lib_a-sbrkr.o) (errno)

Allocating common symbols
Common symbol       size              file

screenBuffer        0x1c200           CMakeFiles/main.dir/main.c.obj
sf_table            0x100             CMakeFiles/main.dir/home/dan/raspberry-pi-pico/pico/pico-sdk/src/rp2_common/pico_float/float_init_rom.c.obj
errno               0x4               /usr/lib/gcc/arm-none-eabi/9.2.1/../../../arm-none-eabi/lib/thumb/v6-m/nofp/libg.a(lib_a-reent.o)
[...]
Memory Configuration

Name             Origin             Length             Attributes
FLASH            0x0000000010000000 0x0000000000200000 xr
RAM              0x0000000020000000 0x0000000000040000 xrw
SCRATCH_X        0x0000000020040000 0x0000000000001000 xrw
SCRATCH_Y        0x0000000020041000 0x0000000000001000 xrw
*default*        0x0000000000000000 0xffffffffffffffff

Linker script and memory map

LOAD /usr/lib/gcc/arm-none-eabi/9.2.1/thumb/v6-m/nofp/crti.o
LOAD /usr/lib/gcc/arm-none-eabi/9.2.1/thumb/v6-m/nofp/crtbegin.o
LOAD /usr/lib/gcc/arm-none-eabi/9.2.1/../../../arm-none-eabi/lib/thumb/v6-m/nofp/crt0.o

.flash_begin    0x0000000010000000        0x0
                0x0000000010000000                __flash_binary_start = .

.boot2          0x0000000010000000      0x100
                0x0000000010000000                __boot2_start__ = .
 *(.boot2)
 .boot2         0x0000000010000000      0x100 /tmp/cclMh2xg.o
                0x0000000010000100                __boot2_end__ = .
                0x0000000000000001                ASSERT (((__boot2_end__ - __boot2_start__) == 0x100), ERROR: Pico second stage bootloader must be 256 bytes in size)

.text           0x0000000010000100     0x8130
                0x0000000010000100                __logical_binary_start = .
 *(.vectors)
 .vectors       0x0000000010000100       0xd4 CMakeFiles/main.dir/home/dan/raspberry-pi-pico/pico/pico-sdk/src/rp2_common/pico_standard_link/crt0.S.obj
                0x0000000010000100                __vectors
                0x0000000010000100                __VECTOR_TABLE
                0x00000000100001c0                isr_invalid
                0x00000000100001c0                __default_isrs_start
                0x00000000100001c2                isr_nmi
                0x00000000100001c4                isr_hardfault
                0x00000000100001c6                isr_svcall
                0x00000000100001c8                isr_pendsv
                0x00000000100001ca                isr_systick
                0x00000000100001cc                isr_irq30
                0x00000000100001cc                __unhandled_user_irq
                0x00000000100001cc                isr_irq13
                0x00000000100001cc                isr_irq27
                0x00000000100001cc                isr_irq31
                0x00000000100001cc                isr_irq5
                0x00000000100001cc                isr_irq11
                0x00000000100001cc                isr_irq23
                0x00000000100001cc                isr_irq18
                0x00000000100001cc                isr_irq28
                0x00000000100001cc                isr_irq19
                0x00000000100001cc                isr_irq0
                0x00000000100001cc                isr_irq6
                0x00000000100001cc                isr_irq22
                0x00000000100001cc                isr_irq17
                0x00000000100001cc                isr_irq14
                0x00000000100001cc                isr_irq2
                0x00000000100001cc                isr_irq10
                0x00000000100001cc                isr_irq8
                0x00000000100001cc                isr_irq24
                0x00000000100001cc                isr_irq1
                0x00000000100001cc                isr_irq7
                0x00000000100001cc                isr_irq21
                0x00000000100001cc                isr_irq20
                0x00000000100001cc                isr_irq15
                0x00000000100001cc                isr_irq25
                0x00000000100001cc                isr_irq4
                0x00000000100001cc                isr_irq16
                0x00000000100001cc                isr_irq29
                0x00000000100001cc                isr_irq26
                0x00000000100001cc                __default_isrs_end
                0x00000000100001cc                isr_irq3
                0x00000000100001cc                isr_irq12
                0x00000000100001cc                isr_irq9
                0x00000000100001d2                unhandled_user_irq_num_in_r0
 *(.binary_info_header)
 .binary_info_header
                0x00000000100001d4       0x14 CMakeFiles/main.dir/home/dan/raspberry-pi-pico/pico/pico-sdk/src/rp2_common/pico_standard_link/crt0.S.obj
                0x00000000100001e8                __binary_info_header_end = .
 *(.reset)
 .reset         0x00000000100001e8       0xa0 CMakeFiles/main.dir/home/dan/raspberry-pi-pico/pico/pico-sdk/src/rp2_common/pico_standard_link/crt0.S.obj
                0x00000000100001e8                _entry_point
 .reset         0x0000000010000288       0x30 CMakeFiles/main.dir/home/dan/raspberry-pi-pico/pico/pico-sdk/src/rp2_common/pico_standard_link/binary_info.c.obj
 *(.init)
 .init          0x00000000100002b8        0x4 /usr/lib/gcc/arm-none-eabi/9.2.1/thumb/v6-m/nofp/crti.o
                0x00000000100002b8                _init
 *(EXCLUDE_FILE(*libm.a: *libc.a:*lib_a-mem*.o *libgcc.a:) .text*)
 .text          0x00000000100002bc       0x98 /usr/lib/gcc/arm-none-eabi/9.2.1/thumb/v6-m/nofp/crtbegin.o
 .text.getMagnitude
                0x0000000010000354       0x5c CMakeFiles/main.dir/main.c.obj
                0x0000000010000354                getMagnitude
 .text.normalised
                0x00000000100003b0       0x36 CMakeFiles/main.dir/main.c.obj
                0x00000000100003b0                normalised
 .text.add      0x00000000100003e6       0x4c CMakeFiles/main.dir/main.c.obj
                0x00000000100003e6                add
 .text.scale    0x0000000010000432       0x48 CMakeFiles/main.dir/main.c.obj
                0x0000000010000432                scale
 .text.dot      0x000000001000047a       0x60 CMakeFiles/main.dir/main.c.obj
                0x000000001000047a                dot
 .text.findVec  0x00000000100004da       0x50 CMakeFiles/main.dir/main.c.obj
                0x00000000100004da                findVec
 .text.findUnitVec
                0x000000001000052a       0xb6 CMakeFiles/main.dir/main.c.obj
                0x000000001000052a                findUnitVec
 .text.getSphereIntersectionT
                0x00000000100005e0      0x238 CMakeFiles/main.dir/main.c.obj
                0x00000000100005e0                getSphereIntersectionT
 .text.getSceneIntersection
                0x0000000010000818      0x140 CMakeFiles/main.dir/main.c.obj
                0x0000000010000818                getSceneIntersection
 .text.scaleColour
                0x0000000010000958       0x48 CMakeFiles/main.dir/main.c.obj
                0x0000000010000958                scaleColour
 .text.drawPoint
                0x00000000100009a0       0x24 CMakeFiles/main.dir/main.c.obj
                0x00000000100009a0                drawPoint
 .text.convertColour
                0x00000000100009c4       0x78 CMakeFiles/main.dir/main.c.obj
                0x00000000100009c4                convertColour
 .text.getPixelColour
                0x0000000010000a3c      0x194 CMakeFiles/main.dir/main.c.obj
                0x0000000010000a3c                getPixelColour
 .text.core1Code
                0x0000000010000bd0       0x70 CMakeFiles/main.dir/main.c.obj
                0x0000000010000bd0                core1Code
 .text.main     0x0000000010000c40       0xbc CMakeFiles/main.dir/main.c.obj
                0x0000000010000c40                main
 .text.gpio_set_function
                0x0000000010000cfc       0x30 CMakeFiles/main.dir/home/dan/raspberry-pi-pico/pico/pico-sdk/src/rp2_common/hardware_gpio/gpio.c.obj
                0x0000000010000cfc                gpio_set_function
 .text.gpio_set_pulls
                0x0000000010000d2c       0x34 CMakeFiles/main.dir/home/dan/raspberry-pi-pico/pico/pico-sdk/src/rp2_common/hardware_gpio/gpio.c.obj
                0x0000000010000d2c                gpio_set_pulls
 .text.gpio_init
                0x0000000010000d60       0x16 CMakeFiles/main.dir/home/dan/raspberry-pi-pico/pico/pico-sdk/src/rp2_common/hardware_gpio/gpio.c.obj
                0x0000000010000d60                gpio_init
 *fill*         0x0000000010000d76        0x2 
 .text.running_on_fpga
                0x0000000010000d78       0x14 CMakeFiles/main.dir/home/dan/raspberry-pi-pico/pico/pico-sdk/src/rp2_common/pico_platform/platform.c.obj
                0x0000000010000d78                running_on_fpga
 .text.hw_claim_lock
                0x0000000010000d8c       0x18 CMakeFiles/main.dir/home/dan/raspberry-pi-pico/pico/pico-sdk/src/rp2_common/hardware_claim/claim.c.obj
                0x0000000010000d8c                hw_claim_lock
 .text.hw_claim_unlock
                0x0000000010000da4       0x14 CMakeFiles/main.dir/home/dan/raspberry-pi-pico/pico/pico-sdk/src/rp2_common/hardware_claim/claim.c.obj
                0x0000000010000da4                hw_claim_unlock
 .text.hw_claim_or_assert
                0x0000000010000db8       0x32 CMakeFiles/main.dir/home/dan/raspberry-pi-pico/pico/pico-sdk/src/rp2_common/hardware_claim/claim.c.obj
                0x0000000010000db8                hw_claim_or_assert
 .text.hw_claim_unused_from_range
                0x0000000010000dea       0x50 CMakeFiles/main.dir/home/dan/raspberry-pi-pico/pico/pico-sdk/src/rp2_common/hardware_claim/claim.c.obj
                0x0000000010000dea                hw_claim_unused_from_range
 *fill*         0x0000000010000e3a        0x2 
 .text.spin_locks_reset
                0x0000000010000e3c       0x20 CMakeFiles/main.dir/home/dan/raspberry-pi-pico/pico/pico-sdk/src/rp2_common/hardware_sync/sync.c.obj
                0x0000000010000e3c                spin_locks_reset
 .text.next_striped_spin_lock_num
                0x0000000010000e5c       0x1c CMakeFiles/main.dir/home/dan/raspberry-pi-pico/pico/pico-sdk/src/rp2_common/hardware_sync/sync.c.obj
                0x0000000010000e5c                next_striped_spin_lock_num
 .text.spin_lock_claim_unused
                0x0000000010000e78       0x20 CMakeFiles/main.dir/home/dan/raspberry-pi-pico/pico/pico-sdk/src/rp2_common/hardware_sync/sync.c.obj
                0x0000000010000e78                spin_lock_claim_unused
 .text.set_raw_irq_handler_and_unlock
                0x0000000010000e98       0x28 CMakeFiles/main.dir/home/dan/raspberry-pi-pico/pico/pico-sdk/src/rp2_common/hardware_irq/irq.c.obj
 .text.make_branch
                0x0000000010000ec0       0x48 CMakeFiles/main.dir/home/dan/raspberry-pi-pico/pico/pico-sdk/src/rp2_common/hardware_irq/irq.c.obj
 .text.insert_branch_and_link
                0x0000000010000f08       0x40 CMakeFiles/main.dir/home/dan/raspberry-pi-pico/pico/pico-sdk/src/rp2_common/hardware_irq/irq.c.obj
 .text.irq_is_enabled
                0x0000000010000f48       0x18 CMakeFiles/main.dir/home/dan/raspberry-pi-pico/pico/pico-sdk/src/rp2_common/hardware_irq/irq.c.obj
                0x0000000010000f48                irq_is_enabled
 .text.irq_set_mask_enabled
                0x0000000010000f60       0x20 CMakeFiles/main.dir/home/dan/raspberry-pi-pico/pico/pico-sdk/src/rp2_common/hardware_irq/irq.c.obj
                0x0000000010000f60                irq_set_mask_enabled
 .text.irq_set_enabled
                0x0000000010000f80        0xe CMakeFiles/main.dir/home/dan/raspberry-pi-pico/pico/pico-sdk/src/rp2_common/hardware_irq/irq.c.obj
                0x0000000010000f80                irq_set_enabled
 *fill*         0x0000000010000f8e        0x2 
 .text.irq_set_pending
                0x0000000010000f90       0x10 CMakeFiles/main.dir/home/dan/raspberry-pi-pico/pico/pico-sdk/src/rp2_common/hardware_irq/irq.c.obj
                0x0000000010000f90                irq_set_pending
 .text.irq_get_vtable_handler
                0x0000000010000fa0       0x10 CMakeFiles/main.dir/home/dan/raspberry-pi-pico/pico/pico-sdk/src/rp2_common/hardware_irq/irq.c.obj
                0x0000000010000fa0                irq_get_vtable_handler
 .text.irq_has_shared_handler
                0x0000000010000fb0       0x24 CMakeFiles/main.dir/home/dan/raspberry-pi-pico/pico/pico-sdk/src/rp2_common/hardware_irq/irq.c.obj
                0x0000000010000fb0                irq_has_shared_handler
 .text.irq_set_exclusive_handler
                0x0000000010000fd4       0x54 CMakeFiles/main.dir/home/dan/raspberry-pi-pico/pico/pico-sdk/src/rp2_common/hardware_irq/irq.c.obj
                0x0000000010000fd4                irq_set_exclusive_handler
 .text.irq_add_shared_handler
                0x0000000010001028      0x234 CMakeFiles/main.dir/home/dan/raspberry-pi-pico/pico/pico-sdk/src/rp2_common/hardware_irq/irq.c.obj
                0x0000000010001028                irq_add_shared_handler
 .text.irq_remove_handler
                0x000000001000125c      0x1ac CMakeFiles/main.dir/home/dan/raspberry-pi-pico/pico/pico-sdk/src/rp2_common/hardware_irq/irq.c.obj
                0x000000001000125c                irq_remove_handler
 .text.irq_add_tail_to_free_list
                0x0000000010001408       0xf0 CMakeFiles/main.dir/home/dan/raspberry-pi-pico/pico/pico-sdk/src/rp2_common/hardware_irq/irq.c.obj
                0x0000000010001408                irq_add_tail_to_free_list
 .text.irq_init_priorities
                0x00000000100014f8       0x1c CMakeFiles/main.dir/home/dan/raspberry-pi-pico/pico/pico-sdk/src/rp2_common/hardware_irq/irq.c.obj
                0x00000000100014f8                irq_init_priorities
 .text.user_irq_claim_unused
                0x0000000010001514       0x28 CMakeFiles/main.dir/home/dan/raspberry-pi-pico/pico/pico-sdk/src/rp2_common/hardware_irq/irq.c.obj
                0x0000000010001514                user_irq_claim_unused
 .text.lock_init
                0x000000001000153c       0x10 CMakeFiles/main.dir/home/dan/raspberry-pi-pico/pico/pico-sdk/src/common/pico_sync/lock_core.c.obj
                0x000000001000153c                lock_init
 .text.mutex_init
                0x000000001000154c       0x1a CMakeFiles/main.dir/home/dan/raspberry-pi-pico/pico/pico-sdk/src/common/pico_sync/mutex.c.obj
                0x000000001000154c                mutex_init
 .text.recursive_mutex_init
                0x0000000010001566       0x1e CMakeFiles/main.dir/home/dan/raspberry-pi-pico/pico/pico-sdk/src/common/pico_sync/mutex.c.obj
                0x0000000010001566                recursive_mutex_init
 .text.critical_section_init_with_lock_num
                0x0000000010001584       0x14 CMakeFiles/main.dir/home/dan/raspberry-pi-pico/pico/pico-sdk/src/common/pico_sync/critical_section.c.obj
                0x0000000010001584                critical_section_init_with_lock_num
 .text.critical_section_init
                0x0000000010001598       0x14 CMakeFiles/main.dir/home/dan/raspberry-pi-pico/pico/pico-sdk/src/common/pico_sync/critical_section.c.obj
                0x0000000010001598                critical_section_init
 .text.alarm_pool_post_alloc_init
                0x00000000100015ac       0x40 CMakeFiles/main.dir/home/dan/raspberry-pi-pico/pico/pico-sdk/src/common/pico_time/time.c.obj
 .text.sleep_until_callback
                0x00000000100015ec       0x30 CMakeFiles/main.dir/home/dan/raspberry-pi-pico/pico/pico-sdk/src/common/pico_time/time.c.obj
 .text.timer_pool_entry_comparator
                0x000000001000161c       0x7c CMakeFiles/main.dir/home/dan/raspberry-pi-pico/pico/pico-sdk/src/common/pico_time/time.c.obj
                0x000000001000161c                timer_pool_entry_comparator
 .text.ph_add_child_node
                0x0000000010001698       0xa4 CMakeFiles/main.dir/home/dan/raspberry-pi-pico/pico/pico-sdk/src/common/pico_time/time.c.obj
 .text.ph_merge_nodes
                0x000000001000173c       0x3e CMakeFiles/main.dir/home/dan/raspberry-pi-pico/pico/pico-sdk/src/common/pico_time/time.c.obj
 *fill*         0x000000001000177a        0x2 
 .text.add_alarm_under_lock
                0x000000001000177c      0x174 CMakeFiles/main.dir/home/dan/raspberry-pi-pico/pico/pico-sdk/src/common/pico_time/time.c.obj
 .text.alarm_pool_alarm_callback
                0x00000000100018f0      0x33c CMakeFiles/main.dir/home/dan/raspberry-pi-pico/pico/pico-sdk/src/common/pico_time/time.c.obj
 .text.alarm_pool_init_default
                0x0000000010001c2c       0x40 CMakeFiles/main.dir/home/dan/raspberry-pi-pico/pico/pico-sdk/src/common/pico_time/time.c.obj
                0x0000000010001c2c                alarm_pool_init_default
 .text.alarm_pool_get_default
                0x0000000010001c6c       0x2c CMakeFiles/main.dir/home/dan/raspberry-pi-pico/pico/pico-sdk/src/common/pico_time/time.c.obj
                0x0000000010001c6c                alarm_pool_get_default
 .text.alarm_pool_add_alarm_at
                0x0000000010001c98      0x168 CMakeFiles/main.dir/home/dan/raspberry-pi-pico/pico/pico-sdk/src/common/pico_time/time.c.obj
                0x0000000010001c98                alarm_pool_add_alarm_at
 .text.alarm_pool_cancel_alarm
                0x0000000010001e00       0xf8 CMakeFiles/main.dir/home/dan/raspberry-pi-pico/pico/pico-sdk/src/common/pico_time/time.c.obj
                0x0000000010001e00                alarm_pool_cancel_alarm
 .text.alarm_pool_core_num
                0x0000000010001ef8        0x4 CMakeFiles/main.dir/home/dan/raspberry-pi-pico/pico/pico-sdk/src/common/pico_time/time.c.obj
                0x0000000010001ef8                alarm_pool_core_num
 .text.sleep_until
                0x0000000010001efc       0xfc CMakeFiles/main.dir/home/dan/raspberry-pi-pico/pico/pico-sdk/src/common/pico_time/time.c.obj
                0x0000000010001efc                sleep_until
 .text.sleep_us
                0x0000000010001ff8       0x58 CMakeFiles/main.dir/home/dan/raspberry-pi-pico/pico/pico-sdk/src/common/pico_time/time.c.obj
                0x0000000010001ff8                sleep_us
 .text.sleep_ms
                0x0000000010002050       0x14 CMakeFiles/main.dir/home/dan/raspberry-pi-pico/pico/pico-sdk/src/common/pico_time/time.c.obj
                0x0000000010002050                sleep_ms
 .text.best_effort_wfe_or_timeout
                0x0000000010002064       0xac CMakeFiles/main.dir/home/dan/raspberry-pi-pico/pico/pico-sdk/src/common/pico_time/time.c.obj
                0x0000000010002064                best_effort_wfe_or_timeout
 .text.hardware_alarm_irq_handler
                0x0000000010002110       0x90 CMakeFiles/main.dir/home/dan/raspberry-pi-pico/pico/pico-sdk/src/rp2_common/hardware_timer/timer.c.obj
 .text.hardware_alarm_claim
                0x00000000100021a0       0x18 CMakeFiles/main.dir/home/dan/raspberry-pi-pico/pico/pico-sdk/src/rp2_common/hardware_timer/timer.c.obj
                0x00000000100021a0                hardware_alarm_claim
 .text.time_us_64
                0x00000000100021b8       0x18 CMakeFiles/main.dir/home/dan/raspberry-pi-pico/pico/pico-sdk/src/rp2_common/hardware_timer/timer.c.obj
                0x00000000100021b8                time_us_64
 .text.busy_wait_until
                0x00000000100021d0       0x24 CMakeFiles/main.dir/home/dan/raspberry-pi-pico/pico/pico-sdk/src/rp2_common/hardware_timer/timer.c.obj
                0x00000000100021d0                busy_wait_until
 .text.hardware_alarm_set_callback
                0x00000000100021f4       0x90 CMakeFiles/main.dir/home/dan/raspberry-pi-pico/pico/pico-sdk/src/rp2_common/hardware_timer/timer.c.obj
                0x00000000100021f4                hardware_alarm_set_callback
 .text.hardware_alarm_set_target
                0x0000000010002284       0xe8 CMakeFiles/main.dir/home/dan/raspberry-pi-pico/pico/pico-sdk/src/rp2_common/hardware_timer/timer.c.obj
                0x0000000010002284                hardware_alarm_set_target
 .text.hardware_alarm_cancel
                0x000000001000236c       0x40 CMakeFiles/main.dir/home/dan/raspberry-pi-pico/pico/pico-sdk/src/rp2_common/hardware_timer/timer.c.obj
                0x000000001000236c                hardware_alarm_cancel
 .text.ph_add_child_node
                0x00000000100023ac       0xa4 CMakeFiles/main.dir/home/dan/raspberry-pi-pico/pico/pico-sdk/src/common/pico_util/pheap.c.obj
 .text.ph_merge_nodes
                0x0000000010002450       0x3e CMakeFiles/main.dir/home/dan/raspberry-pi-pico/pico/pico-sdk/src/common/pico_util/pheap.c.obj
 *fill*         0x000000001000248e        0x2 
 .text.ph_clear
                0x0000000010002490       0x70 CMakeFiles/main.dir/home/dan/raspberry-pi-pico/pico/pico-sdk/src/common/pico_util/pheap.c.obj
                0x0000000010002490                ph_clear
 .text.ph_post_alloc_init
                0x0000000010002500        0xe CMakeFiles/main.dir/home/dan/raspberry-pi-pico/pico/pico-sdk/src/common/pico_util/pheap.c.obj
                0x0000000010002500                ph_post_alloc_init
 *fill*         0x000000001000250e        0x2 
 .text.ph_merge_two_pass
                0x0000000010002510       0xa8 CMakeFiles/main.dir/home/dan/raspberry-pi-pico/pico/pico-sdk/src/common/pico_util/pheap.c.obj
                0x0000000010002510                ph_merge_two_pass
 .text.ph_remove_any_head
                0x00000000100025b8      0x128 CMakeFiles/main.dir/home/dan/raspberry-pi-pico/pico/pico-sdk/src/common/pico_util/pheap.c.obj
 .text.ph_remove_head
                0x00000000100026e0       0x14 CMakeFiles/main.dir/home/dan/raspberry-pi-pico/pico/pico-sdk/src/common/pico_util/pheap.c.obj
                0x00000000100026e0                ph_remove_head
 .text.ph_remove_and_free_node
                0x00000000100026f4       0xf8 CMakeFiles/main.dir/home/dan/raspberry-pi-pico/pico/pico-sdk/src/common/pico_util/pheap.c.obj
                0x00000000100026f4                ph_remove_and_free_node
 .text.clock_configure
                0x00000000100027ec      0x108 CMakeFiles/main.dir/home/dan/raspberry-pi-pico/pico/pico-sdk/src/rp2_common/hardware_clocks/clocks.c.obj
                0x00000000100027ec                clock_configure
 .text.clocks_init
                0x00000000100028f4      0x100 CMakeFiles/main.dir/home/dan/raspberry-pi-pico/pico/pico-sdk/src/rp2_common/hardware_clocks/clocks.c.obj
                0x00000000100028f4                clocks_init
 .text.clock_get_hz
                0x00000000100029f4        0xc CMakeFiles/main.dir/home/dan/raspberry-pi-pico/pico/pico-sdk/src/rp2_common/hardware_clocks/clocks.c.obj
                0x00000000100029f4                clock_get_hz
 .text.pll_init
                0x0000000010002a00      0x124 CMakeFiles/main.dir/home/dan/raspberry-pi-pico/pico/pico-sdk/src/rp2_common/hardware_pll/pll.c.obj
                0x0000000010002a00                pll_init
 .text.watchdog_start_tick
                0x0000000010002b24       0x10 CMakeFiles/main.dir/home/dan/raspberry-pi-pico/pico/pico-sdk/src/rp2_common/hardware_watchdog/watchdog.c.obj
                0x0000000010002b24                watchdog_start_tick
 .text.watchdog_update
                0x0000000010002b34       0x14 CMakeFiles/main.dir/home/dan/raspberry-pi-pico/pico/pico-sdk/src/rp2_common/hardware_watchdog/watchdog.c.obj
                0x0000000010002b34                watchdog_update
 .text._watchdog_enable
                0x0000000010002b48       0x78 CMakeFiles/main.dir/home/dan/raspberry-pi-pico/pico/pico-sdk/src/rp2_common/hardware_watchdog/watchdog.c.obj
                0x0000000010002b48                _watchdog_enable
 .text.watchdog_reboot
                0x0000000010002bc0       0x48 CMakeFiles/main.dir/home/dan/raspberry-pi-pico/pico/pico-sdk/src/rp2_common/hardware_watchdog/watchdog.c.obj
                0x0000000010002bc0                watchdog_reboot
 .text.xosc_init
                0x0000000010002c08       0x28 CMakeFiles/main.dir/home/dan/raspberry-pi-pico/pico/pico-sdk/src/rp2_common/hardware_xosc/xosc.c.obj
                0x0000000010002c08                xosc_init
 .text._exit    0x0000000010002c30        0x4 CMakeFiles/main.dir/home/dan/raspberry-pi-pico/pico/pico-sdk/src/rp2_common/pico_runtime/runtime.c.obj
                0x0000000010002c30                _exit
 .text.exit     0x0000000010002c34        0x6 CMakeFiles/main.dir/home/dan/raspberry-pi-pico/pico/pico-sdk/src/rp2_common/pico_runtime/runtime.c.obj
                0x0000000010002c34                exit
 *fill*         0x0000000010002c3a        0x2 
 .text.__assert_func
                0x0000000010002c3c       0x3c CMakeFiles/main.dir/home/dan/raspberry-pi-pico/pico/pico-sdk/src/rp2_common/pico_runtime/runtime.c.obj
                0x0000000010002c3c                __assert_func
 .text.runtime_init
                0x0000000010002c78       0xf8 CMakeFiles/main.dir/home/dan/raspberry-pi-pico/pico/pico-sdk/src/rp2_common/pico_runtime/runtime.c.obj
                0x0000000010002c78                runtime_init
 .text.panic    0x0000000010002d70       0x30 CMakeFiles/main.dir/home/dan/raspberry-pi-pico/pico/pico-sdk/src/rp2_common/pico_runtime/runtime.c.obj
                0x0000000010002d70                panic
 .text._out_null
                0x0000000010002da0        0x2 CMakeFiles/main.dir/home/dan/raspberry-pi-pico/pico/pico-sdk/src/rp2_common/pico_printf/printf.c.obj
 .text._out_fct
                0x0000000010002da2        0xe CMakeFiles/main.dir/home/dan/raspberry-pi-pico/pico/pico-sdk/src/rp2_common/pico_printf/printf.c.obj
 .text._atoi    0x0000000010002db0       0x24 CMakeFiles/main.dir/home/dan/raspberry-pi-pico/pico/pico-sdk/src/rp2_common/pico_printf/printf.c.obj
 .text._out_rev
                0x0000000010002dd4       0xae CMakeFiles/main.dir/home/dan/raspberry-pi-pico/pico/pico-sdk/src/rp2_common/pico_printf/printf.c.obj
 .text._ntoa_format
                0x0000000010002e82      0x110 CMakeFiles/main.dir/home/dan/raspberry-pi-pico/pico/pico-sdk/src/rp2_common/pico_printf/printf.c.obj
 .text._ntoa_long
                0x0000000010002f92       0xbc CMakeFiles/main.dir/home/dan/raspberry-pi-pico/pico/pico-sdk/src/rp2_common/pico_printf/printf.c.obj
 .text._ntoa_long_long
                0x000000001000304e       0xe2 CMakeFiles/main.dir/home/dan/raspberry-pi-pico/pico/pico-sdk/src/rp2_common/pico_printf/printf.c.obj
 .text._etoa    0x0000000010003130      0x40c CMakeFiles/main.dir/home/dan/raspberry-pi-pico/pico/pico-sdk/src/rp2_common/pico_printf/printf.c.obj
 .text._ftoa    0x000000001000353c      0x354 CMakeFiles/main.dir/home/dan/raspberry-pi-pico/pico/pico-sdk/src/rp2_common/pico_printf/printf.c.obj
 .text._vsnprintf
                0x0000000010003890      0x628 CMakeFiles/main.dir/home/dan/raspberry-pi-pico/pico/pico-sdk/src/rp2_common/pico_printf/printf.c.obj
 .text.vfctprintf
                0x0000000010003eb8       0x20 CMakeFiles/main.dir/home/dan/raspberry-pi-pico/pico/pico-sdk/src/rp2_common/pico_printf/printf.c.obj
                0x0000000010003eb8                vfctprintf
 .text          0x0000000010003ed8       0x10 CMakeFiles/main.dir/home/dan/raspberry-pi-pico/pico/pico-sdk/src/rp2_common/pico_bit_ops/bit_ops_aeabi.S.obj
 .text.rom_func_lookup
                0x0000000010003ee8       0x10 CMakeFiles/main.dir/home/dan/raspberry-pi-pico/pico/pico-sdk/src/rp2_common/pico_bootrom/bootrom.c.obj
                0x0000000010003ee8                rom_func_lookup
 .text.rom_data_lookup
                0x0000000010003ef8       0x10 CMakeFiles/main.dir/home/dan/raspberry-pi-pico/pico/pico-sdk/src/rp2_common/pico_bootrom/bootrom.c.obj
                0x0000000010003ef8                rom_data_lookup
 .text.rom_funcs_lookup
                0x0000000010003f08       0x36 CMakeFiles/main.dir/home/dan/raspberry-pi-pico/pico/pico-sdk/src/rp2_common/pico_bootrom/bootrom.c.obj
                0x0000000010003f08                rom_funcs_lookup
 *fill*         0x0000000010003f3e        0x2 
 .text.__wrap___aeabi_idiv
                0x0000000010003f40       0x50 CMakeFiles/main.dir/home/dan/raspberry-pi-pico/pico/pico-sdk/src/rp2_common/pico_divider/divider.S.obj
                0x0000000010003f40                __wrap___aeabi_idivmod
                0x0000000010003f40                divmod_s32s32
                0x0000000010003f40                div_s32s32
                0x0000000010003f40                __wrap___aeabi_idiv
                0x0000000010003f48                divmod_s32s32_unsafe
                0x0000000010003f74                divmod_s32s32_savestate
 .text.__wrap___aeabi_uidiv
                0x0000000010003f90       0x4c CMakeFiles/main.dir/home/dan/raspberry-pi-pico/pico/pico-sdk/src/rp2_common/pico_divider/divider.S.obj
                0x0000000010003f90                __wrap___aeabi_uidiv
                0x0000000010003f90                __wrap___aeabi_uidivmod
                0x0000000010003f90                div_u32u32
                0x0000000010003f90                divmod_u32u32
                0x0000000010003f98                divmod_u32u32_unsafe
                0x0000000010003fc0                divmod_u32u32_savestate
 .text.__wrap___aeabi_ldiv
                0x0000000010003fdc      0x424 CMakeFiles/main.dir/home/dan/raspberry-pi-pico/pico/pico-sdk/src/rp2_common/pico_divider/divider.S.obj
                0x0000000010003fdc                div_s64s64
                0x0000000010003fdc                divmod_s64s64
                0x0000000010003fdc                __wrap___aeabi_ldivmod
                0x000000001000400c                div_u64u64
                0x000000001000400c                divmod_u64u64
                0x000000001000400c                __wrap___aeabi_uldivmod
                0x000000001000401c                divmod_u64u64_savestate
                0x000000001000403c                divmod_s64s64_unsafe
                0x00000000100040c4                divmod_u64u64_unsafe
 .text.__wrap___aeabi_darithmetic
                0x0000000010004400       0x80 CMakeFiles/main.dir/home/dan/raspberry-pi-pico/pico/pico-sdk/src/rp2_common/pico_double/double_aeabi.S.obj
                0x0000000010004400                __wrap___aeabi_drsub
                0x0000000010004406                __wrap___aeabi_dsub
                0x0000000010004418                __wrap___aeabi_dadd
                0x000000001000442a                __wrap___aeabi_ddiv
                0x0000000010004466                __wrap___aeabi_dmul
 .text.__wrap___aeabi_cdcmple
                0x0000000010004480       0x6c CMakeFiles/main.dir/home/dan/raspberry-pi-pico/pico/pico-sdk/src/rp2_common/pico_double/double_aeabi.S.obj
                0x0000000010004480                __wrap___aeabi_cdrcmple
                0x0000000010004490                __wrap___aeabi_cdcmple
                0x0000000010004490                __wrap___aeabi_cdcmpeq
 .text.__wrap___aeabi_dcmpeq
                0x00000000100044ec       0x10 CMakeFiles/main.dir/home/dan/raspberry-pi-pico/pico/pico-sdk/src/rp2_common/pico_double/double_aeabi.S.obj
                0x00000000100044ec                __wrap___aeabi_dcmpeq
 .text.__wrap___aeabi_dcmplt
                0x00000000100044fc        0xc CMakeFiles/main.dir/home/dan/raspberry-pi-pico/pico/pico-sdk/src/rp2_common/pico_double/double_aeabi.S.obj
                0x00000000100044fc                __wrap___aeabi_dcmplt
 .text.__wrap___aeabi_dcmple
                0x0000000010004508       0x10 CMakeFiles/main.dir/home/dan/raspberry-pi-pico/pico/pico-sdk/src/rp2_common/pico_double/double_aeabi.S.obj
                0x0000000010004508                __wrap___aeabi_dcmple
 .text.__wrap___aeabi_dcmpge
                0x0000000010004518       0x10 CMakeFiles/main.dir/home/dan/raspberry-pi-pico/pico/pico-sdk/src/rp2_common/pico_double/double_aeabi.S.obj
                0x0000000010004518                __wrap___aeabi_dcmpge
 .text.__wrap___aeabi_dcmpgt
                0x0000000010004528        0xa CMakeFiles/main.dir/home/dan/raspberry-pi-pico/pico/pico-sdk/src/rp2_common/pico_double/double_aeabi.S.obj
                0x0000000010004528                __wrap___aeabi_dcmpgt
 .text.__wrap___aeabi_dcmpun
                0x0000000010004532       0x1c CMakeFiles/main.dir/home/dan/raspberry-pi-pico/pico/pico-sdk/src/rp2_common/pico_double/double_aeabi.S.obj
                0x0000000010004532                __wrap___aeabi_dcmpun
 *fill*         0x000000001000454e        0x2 
 .text.__wrap___aeabi_i2d
                0x0000000010004550       0x38 CMakeFiles/main.dir/home/dan/raspberry-pi-pico/pico/pico-sdk/src/rp2_common/pico_double/double_aeabi.S.obj
                0x0000000010004550                __wrap___aeabi_ui2d
                0x0000000010004558                __wrap___aeabi_i2d
 .text.__wrap___aeabi_d2iz
                0x0000000010004588       0x48 CMakeFiles/main.dir/home/dan/raspberry-pi-pico/pico/pico-sdk/src/rp2_common/pico_double/double_aeabi.S.obj
                0x0000000010004588                __wrap___aeabi_d2iz
                0x0000000010004588                double2int_z
 .text.__wrap___aeabi_d2uiz
                0x00000000100045d0       0x18 CMakeFiles/main.dir/home/dan/raspberry-pi-pico/pico/pico-sdk/src/rp2_common/pico_double/double_aeabi.S.obj
                0x00000000100045d0                double2uint
                0x00000000100045d0                __wrap___aeabi_d2uiz
 .text.__wrap_srqt
                0x00000000100045e8       0x18 CMakeFiles/main.dir/home/dan/raspberry-pi-pico/pico/pico-sdk/src/rp2_common/pico_double/double_aeabi.S.obj
                0x00000000100045e8                __wrap_sqrt
 .text.__aeabi_double_init
                0x0000000010004600       0xc8 CMakeFiles/main.dir/home/dan/raspberry-pi-pico/pico/pico-sdk/src/rp2_common/pico_double/double_init_rom.c.obj
                0x0000000010004600                __aeabi_double_init
 .text.double_table_shim_on_use_helper
                0x00000000100046c8       0x34 CMakeFiles/main.dir/home/dan/raspberry-pi-pico/pico/pico-sdk/src/rp2_common/pico_double/double_v1_rom_shim.S.obj
                0x00000000100046c8                double_table_shim_on_use_helper
 .text.__wrap___aeabi_dsub
                0x00000000100046fc       0x10 CMakeFiles/main.dir/home/dan/raspberry-pi-pico/pico/pico-sdk/src/rp2_common/pico_double/double_v1_rom_shim.S.obj
                0x00000000100046fc                drsub_shim
                0x0000000010004702                dsub_shim
 .text.dadd_shim
                0x000000001000470c      0x15c CMakeFiles/main.dir/home/dan/raspberry-pi-pico/pico/pico-sdk/src/rp2_common/pico_double/double_v1_rom_shim.S.obj
                0x000000001000470c                dadd_shim
 .text.dmul_shim
                0x0000000010004868      0x15c CMakeFiles/main.dir/home/dan/raspberry-pi-pico/pico/pico-sdk/src/rp2_common/pico_double/double_v1_rom_shim.S.obj
                0x0000000010004868                dmul_shim
 .text.ddiv_shim
                0x00000000100049c4      0x1b0 CMakeFiles/main.dir/home/dan/raspberry-pi-pico/pico/pico-sdk/src/rp2_common/pico_double/double_v1_rom_shim.S.obj
                0x00000000100049c4                ddiv_shim
 .text.dsqrt_shim
                0x0000000010004b74      0x1a8 CMakeFiles/main.dir/home/dan/raspberry-pi-pico/pico/pico-sdk/src/rp2_common/pico_double/double_v1_rom_shim.S.obj
                0x0000000010004b90                dsqrt_shim
 .text.double2uint_shim
                0x0000000010004d1c        0xe CMakeFiles/main.dir/home/dan/raspberry-pi-pico/pico/pico-sdk/src/rp2_common/pico_double/double_v1_rom_shim.S.obj
                0x0000000010004d1c                double2uint_shim
                0x0000000010004d1e                double2ufix_shim
 *fill*         0x0000000010004d2a        0x2 
 .text.double2uint64_shim
                0x0000000010004d2c       0x70 CMakeFiles/main.dir/home/dan/raspberry-pi-pico/pico/pico-sdk/src/rp2_common/pico_double/double_v1_rom_shim.S.obj
                0x0000000010004d2c                double2uint64_shim
                0x0000000010004d2e                double2ufix64_shim
                0x0000000010004d4e                d2fix_a
 .text.dunpacks
                0x0000000010004d9c       0x3c CMakeFiles/main.dir/home/dan/raspberry-pi-pico/pico/pico-sdk/src/rp2_common/pico_double/double_v1_rom_shim.S.obj
                0x0000000010004d9c                dunpacks
 .text.__aeabi_lmul
                0x0000000010004dd8       0x32 CMakeFiles/main.dir/home/dan/raspberry-pi-pico/pico/pico-sdk/src/rp2_common/pico_int64_ops/pico_int64_ops_aeabi.S.obj
                0x0000000010004dd8                __wrap___aeabi_lmul
 *fill*         0x0000000010004e0a        0x2 
 .text.__aeabi_float_init
                0x0000000010004e0c       0xfc CMakeFiles/main.dir/home/dan/raspberry-pi-pico/pico/pico-sdk/src/rp2_common/pico_float/float_init_rom.c.obj
                0x0000000010004e0c                __aeabi_float_init
 .text.float_table_shim_on_use_helper
                0x0000000010004f08       0x34 CMakeFiles/main.dir/home/dan/raspberry-pi-pico/pico/pico-sdk/src/rp2_common/pico_float/float_v1_rom_shim.S.obj
                0x0000000010004f08                float_table_shim_on_use_helper
 .text          0x0000000010004f3c       0x10 CMakeFiles/main.dir/home/dan/raspberry-pi-pico/pico/pico-sdk/src/rp2_common/pico_mem_ops/mem_ops_aeabi.S.obj
                0x0000000010004f3c                __aeabi_mem_init
 .text.memset   0x0000000010004f4c        0xc CMakeFiles/main.dir/home/dan/raspberry-pi-pico/pico/pico-sdk/src/rp2_common/pico_mem_ops/mem_ops_aeabi.S.obj
                0x0000000010004f4c                __wrap_memset
 .text.memcpy   0x0000000010004f58        0xc CMakeFiles/main.dir/home/dan/raspberry-pi-pico/pico/pico-sdk/src/rp2_common/pico_mem_ops/mem_ops_aeabi.S.obj
                0x0000000010004f58                __wrap___aeabi_memcpy
                0x0000000010004f58                __wrap_memcpy
 .text.stdio_out_chars_no_crlf
                0x0000000010004f64        0xe CMakeFiles/main.dir/home/dan/raspberry-pi-pico/pico/pico-sdk/src/rp2_common/pico_stdio/stdio.c.obj
 *fill*         0x0000000010004f72        0x2 
 .text.stdio_out_chars_crlf
                0x0000000010004f74       0x80 CMakeFiles/main.dir/home/dan/raspberry-pi-pico/pico/pico-sdk/src/rp2_common/pico_stdio/stdio.c.obj
 .text.stdio_stack_buffer_flush
                0x0000000010004ff4       0x44 CMakeFiles/main.dir/home/dan/raspberry-pi-pico/pico/pico-sdk/src/rp2_common/pico_stdio/stdio.c.obj
 .text.stdio_buffered_printer
                0x0000000010005038       0x20 CMakeFiles/main.dir/home/dan/raspberry-pi-pico/pico/pico-sdk/src/rp2_common/pico_stdio/stdio.c.obj
 .text.stdout_serialize_begin
                0x0000000010005058       0x5c CMakeFiles/main.dir/home/dan/raspberry-pi-pico/pico/pico-sdk/src/rp2_common/pico_stdio/stdio.c.obj
                0x0000000010005058                stdout_serialize_begin
 .text.stdout_serialize_end
                0x00000000100050b4       0x10 CMakeFiles/main.dir/home/dan/raspberry-pi-pico/pico/pico-sdk/src/rp2_common/pico_stdio/stdio.c.obj
                0x00000000100050b4                stdout_serialize_end
 .text.stdio_put_string
                0x00000000100050c4       0x98 CMakeFiles/main.dir/home/dan/raspberry-pi-pico/pico/pico-sdk/src/rp2_common/pico_stdio/stdio.c.obj
 .text.stdio_set_driver_enabled
                0x000000001000515c       0x2c CMakeFiles/main.dir/home/dan/raspberry-pi-pico/pico/pico-sdk/src/rp2_common/pico_stdio/stdio.c.obj
                0x000000001000515c                stdio_set_driver_enabled
 .text.stdio_flush
                0x0000000010005188       0x20 CMakeFiles/main.dir/home/dan/raspberry-pi-pico/pico/pico-sdk/src/rp2_common/pico_stdio/stdio.c.obj
                0x0000000010005188                stdio_flush
 .text.__wrap_puts
                0x00000000100051a8       0x1e CMakeFiles/main.dir/home/dan/raspberry-pi-pico/pico/pico-sdk/src/rp2_common/pico_stdio/stdio.c.obj
                0x00000000100051a8                __wrap_puts
 *fill*         0x00000000100051c6        0x2 
 .text.__wrap_vprintf
                0x00000000100051c8       0x40 CMakeFiles/main.dir/home/dan/raspberry-pi-pico/pico/pico-sdk/src/rp2_common/pico_stdio/stdio.c.obj
                0x00000000100051c8                __wrap_vprintf
 .text.__wrap_printf
                0x0000000010005208       0x18 CMakeFiles/main.dir/home/dan/raspberry-pi-pico/pico/pico-sdk/src/rp2_common/pico_stdio/stdio.c.obj
                0x0000000010005208                __wrap_printf
 .text.stdio_init_all
                0x0000000010005220        0x8 CMakeFiles/main.dir/home/dan/raspberry-pi-pico/pico/pico-sdk/src/rp2_common/pico_stdio/stdio.c.obj
                0x0000000010005220                stdio_init_all
 .text.resetd_init
                0x0000000010005228        0x2 CMakeFiles/main.dir/home/dan/raspberry-pi-pico/pico/pico-sdk/src/rp2_common/pico_stdio_usb/reset_interface.c.obj
 *fill*         0x000000001000522a        0x2 
 .text.resetd_reset
                0x000000001000522c        0xc CMakeFiles/main.dir/home/dan/raspberry-pi-pico/pico/pico-sdk/src/rp2_common/pico_stdio_usb/reset_interface.c.obj
 .text.resetd_open
                0x0000000010005238       0x34 CMakeFiles/main.dir/home/dan/raspberry-pi-pico/pico/pico-sdk/src/rp2_common/pico_stdio_usb/reset_interface.c.obj
 .text.resetd_xfer_cb
                0x000000001000526c        0x4 CMakeFiles/main.dir/home/dan/raspberry-pi-pico/pico/pico-sdk/src/rp2_common/pico_stdio_usb/reset_interface.c.obj
 .text.resetd_control_xfer_cb
                0x0000000010005270       0x6c CMakeFiles/main.dir/home/dan/raspberry-pi-pico/pico/pico-sdk/src/rp2_common/pico_stdio_usb/reset_interface.c.obj
 .text.usbd_app_driver_get_cb
                0x00000000100052dc        0xc CMakeFiles/main.dir/home/dan/raspberry-pi-pico/pico/pico-sdk/src/rp2_common/pico_stdio_usb/reset_interface.c.obj
                0x00000000100052dc                usbd_app_driver_get_cb
 .text.tud_cdc_line_coding_cb
                0x00000000100052e8       0x34 CMakeFiles/main.dir/home/dan/raspberry-pi-pico/pico/pico-sdk/src/rp2_common/pico_stdio_usb/reset_interface.c.obj
                0x00000000100052e8                tud_cdc_line_coding_cb
 .text.stdio_usb_set_chars_available_callback
                0x000000001000531c       0x14 CMakeFiles/main.dir/home/dan/raspberry-pi-pico/pico/pico-sdk/src/rp2_common/pico_stdio_usb/stdio_usb.c.obj
                0x000000001000531c                stdio_usb_set_chars_available_callback
 .text.usb_irq  0x0000000010005330       0x10 CMakeFiles/main.dir/home/dan/raspberry-pi-pico/pico/pico-sdk/src/rp2_common/pico_stdio_usb/stdio_usb.c.obj
 .text.timer_task
                0x0000000010005340       0x58 CMakeFiles/main.dir/home/dan/raspberry-pi-pico/pico/pico-sdk/src/rp2_common/pico_stdio_usb/stdio_usb.c.obj
 .text.low_priority_worker_irq
                0x0000000010005398       0xd8 CMakeFiles/main.dir/home/dan/raspberry-pi-pico/pico/pico-sdk/src/rp2_common/pico_stdio_usb/stdio_usb.c.obj
 .text.tud_cdc_rx_cb
                0x0000000010005470       0x20 CMakeFiles/main.dir/home/dan/raspberry-pi-pico/pico/pico-sdk/src/rp2_common/pico_stdio_usb/stdio_usb.c.obj
                0x0000000010005470                tud_cdc_rx_cb
 .text.stdio_usb_init
                0x0000000010005490      0x11c CMakeFiles/main.dir/home/dan/raspberry-pi-pico/pico/pico-sdk/src/rp2_common/pico_stdio_usb/stdio_usb.c.obj
                0x0000000010005490                stdio_usb_init
 .text.stdio_usb_connected
                0x00000000100055ac        0xa CMakeFiles/main.dir/home/dan/raspberry-pi-pico/pico/pico-sdk/src/rp2_common/pico_stdio_usb/stdio_usb.c.obj
                0x00000000100055ac                stdio_usb_connected
 *fill*         0x00000000100055b6        0x2 
 .text.stdio_usb_in_chars
                0x00000000100055b8       0xc4 CMakeFiles/main.dir/home/dan/raspberry-pi-pico/pico/pico-sdk/src/rp2_common/pico_stdio_usb/stdio_usb.c.obj
                0x00000000100055b8                stdio_usb_in_chars
 .text.stdio_usb_out_chars
                0x000000001000567c      0x114 CMakeFiles/main.dir/home/dan/raspberry-pi-pico/pico/pico-sdk/src/rp2_common/pico_stdio_usb/stdio_usb.c.obj
 .text.tud_descriptor_device_cb
                0x0000000010005790        0x8 CMakeFiles/main.dir/home/dan/raspberry-pi-pico/pico/pico-sdk/src/rp2_common/pico_stdio_usb/stdio_usb_descriptors.c.obj
                0x0000000010005790                tud_descriptor_device_cb
 .text.tud_descriptor_configuration_cb
                0x0000000010005798        0x8 CMakeFiles/main.dir/home/dan/raspberry-pi-pico/pico/pico-sdk/src/rp2_common/pico_stdio_usb/stdio_usb_descriptors.c.obj
                0x0000000010005798                tud_descriptor_configuration_cb
 .text.tud_descriptor_string_cb
                0x00000000100057a0       0x6c CMakeFiles/main.dir/home/dan/raspberry-pi-pico/pico/pico-sdk/src/rp2_common/pico_stdio_usb/stdio_usb_descriptors.c.obj
                0x00000000100057a0                tud_descriptor_string_cb
 .text._retrieve_unique_id_on_boot
                0x000000001000580c       0x10 CMakeFiles/main.dir/home/dan/raspberry-pi-pico/pico/pico-sdk/src/rp2_common/pico_unique_id/unique_id.c.obj
 .text.pico_get_unique_board_id_string
                0x000000001000581c       0x60 CMakeFiles/main.dir/home/dan/raspberry-pi-pico/pico/pico-sdk/src/rp2_common/pico_unique_id/unique_id.c.obj
                0x000000001000581c                pico_get_unique_board_id_string
 .text.flash_get_unique_id
                0x000000001000587c       0x46 CMakeFiles/main.dir/home/dan/raspberry-pi-pico/pico/pico-sdk/src/rp2_common/hardware_flash/flash.c.obj
                0x000000001000587c                flash_get_unique_id
 *fill*         0x00000000100058c2        0x2 
 .text.hw_endpoint_get_by_addr
                0x00000000100058c4       0x18 CMakeFiles/main.dir/home/dan/raspberry-pi-pico/pico/pico-sdk/lib/tinyusb/src/portable/raspberrypi/rp2040/dcd_rp2040.c.obj
 .text._hw_endpoint_alloc
                0x00000000100058dc       0x70 CMakeFiles/main.dir/home/dan/raspberry-pi-pico/pico/pico-sdk/lib/tinyusb/src/portable/raspberrypi/rp2040/dcd_rp2040.c.obj
 .text.hw_endpoint_init
                0x000000001000594c       0x88 CMakeFiles/main.dir/home/dan/raspberry-pi-pico/pico/pico-sdk/lib/tinyusb/src/portable/raspberrypi/rp2040/dcd_rp2040.c.obj
 .text.hw_endpoint_xfer
                0x00000000100059d4       0x14 CMakeFiles/main.dir/home/dan/raspberry-pi-pico/pico/pico-sdk/lib/tinyusb/src/portable/raspberrypi/rp2040/dcd_rp2040.c.obj
 .text.dcd_int_enable
                0x00000000100059e8       0x2c CMakeFiles/main.dir/home/dan/raspberry-pi-pico/pico/pico-sdk/lib/tinyusb/src/portable/raspberrypi/rp2040/dcd_rp2040.c.obj
                0x00000000100059e8                dcd_int_enable
 .text.dcd_set_address
                0x0000000010005a14       0x2c CMakeFiles/main.dir/home/dan/raspberry-pi-pico/pico/pico-sdk/lib/tinyusb/src/portable/raspberrypi/rp2040/dcd_rp2040.c.obj
                0x0000000010005a14                dcd_set_address
 .text.dcd_connect
                0x0000000010005a40       0x10 CMakeFiles/main.dir/home/dan/raspberry-pi-pico/pico/pico-sdk/lib/tinyusb/src/portable/raspberrypi/rp2040/dcd_rp2040.c.obj
                0x0000000010005a40                dcd_connect
 .text.dcd_init
                0x0000000010005a50       0x80 CMakeFiles/main.dir/home/dan/raspberry-pi-pico/pico/pico-sdk/lib/tinyusb/src/portable/raspberrypi/rp2040/dcd_rp2040.c.obj
                0x0000000010005a50                dcd_init
 .text.dcd_edpt0_status_complete
                0x0000000010005ad0       0x1c CMakeFiles/main.dir/home/dan/raspberry-pi-pico/pico/pico-sdk/lib/tinyusb/src/portable/raspberrypi/rp2040/dcd_rp2040.c.obj
                0x0000000010005ad0                dcd_edpt0_status_complete
 .text.dcd_edpt_open
                0x0000000010005aec       0x40 CMakeFiles/main.dir/home/dan/raspberry-pi-pico/pico/pico-sdk/lib/tinyusb/src/portable/raspberrypi/rp2040/dcd_rp2040.c.obj
                0x0000000010005aec                dcd_edpt_open
 .text.dcd_edpt_close_all
                0x0000000010005b2c        0x8 CMakeFiles/main.dir/home/dan/raspberry-pi-pico/pico/pico-sdk/lib/tinyusb/src/portable/raspberrypi/rp2040/dcd_rp2040.c.obj
                0x0000000010005b2c                dcd_edpt_close_all
 .text.dcd_edpt_xfer
                0x0000000010005b34       0x34 CMakeFiles/main.dir/home/dan/raspberry-pi-pico/pico/pico-sdk/lib/tinyusb/src/portable/raspberrypi/rp2040/dcd_rp2040.c.obj
                0x0000000010005b34                dcd_edpt_xfer
 .text.dcd_edpt_stall
                0x0000000010005b68       0x2c CMakeFiles/main.dir/home/dan/raspberry-pi-pico/pico/pico-sdk/lib/tinyusb/src/portable/raspberrypi/rp2040/dcd_rp2040.c.obj
                0x0000000010005b68                dcd_edpt_stall
 .text.dcd_edpt_clear_stall
                0x0000000010005b94       0x20 CMakeFiles/main.dir/home/dan/raspberry-pi-pico/pico/pico-sdk/lib/tinyusb/src/portable/raspberrypi/rp2040/dcd_rp2040.c.obj
                0x0000000010005b94                dcd_edpt_clear_stall
 .text.rp2040_usb_init
                0x0000000010005bb4       0x4c CMakeFiles/main.dir/home/dan/raspberry-pi-pico/pico/pico-sdk/lib/tinyusb/src/portable/raspberrypi/rp2040/rp2040_usb.c.obj
                0x0000000010005bb4                rp2040_usb_init
 .text.hw_endpoint_xfer_start
                0x0000000010005c00       0x50 CMakeFiles/main.dir/home/dan/raspberry-pi-pico/pico/pico-sdk/lib/tinyusb/src/portable/raspberrypi/rp2040/rp2040_usb.c.obj
                0x0000000010005c00                hw_endpoint_xfer_start
 .text.configuration_reset
                0x0000000010005c50       0x84 CMakeFiles/main.dir/home/dan/raspberry-pi-pico/pico/pico-sdk/lib/tinyusb/src/device/usbd.c.obj
 .text.usbd_reset
                0x0000000010005cd4        0xc CMakeFiles/main.dir/home/dan/raspberry-pi-pico/pico/pico-sdk/lib/tinyusb/src/device/usbd.c.obj
 .text.invoke_class_control
                0x0000000010005ce0       0x1a CMakeFiles/main.dir/home/dan/raspberry-pi-pico/pico/pico-sdk/lib/tinyusb/src/device/usbd.c.obj
 *fill*         0x0000000010005cfa        0x2 
 .text.process_set_config
                0x0000000010005cfc      0x174 CMakeFiles/main.dir/home/dan/raspberry-pi-pico/pico/pico-sdk/lib/tinyusb/src/device/usbd.c.obj
 .text.process_get_descriptor
                0x0000000010005e70       0xdc CMakeFiles/main.dir/home/dan/raspberry-pi-pico/pico/pico-sdk/lib/tinyusb/src/device/usbd.c.obj
 .text.tud_mounted
                0x0000000010005f4c       0x10 CMakeFiles/main.dir/home/dan/raspberry-pi-pico/pico/pico-sdk/lib/tinyusb/src/device/usbd.c.obj
                0x0000000010005f4c                tud_mounted
 .text.tud_suspended
                0x0000000010005f5c       0x10 CMakeFiles/main.dir/home/dan/raspberry-pi-pico/pico/pico-sdk/lib/tinyusb/src/device/usbd.c.obj
                0x0000000010005f5c                tud_suspended
 .text.tud_inited
                0x0000000010005f6c       0x14 CMakeFiles/main.dir/home/dan/raspberry-pi-pico/pico/pico-sdk/lib/tinyusb/src/device/usbd.c.obj
                0x0000000010005f6c                tud_inited
 .text.tud_init
                0x0000000010005f80       0xcc CMakeFiles/main.dir/home/dan/raspberry-pi-pico/pico/pico-sdk/lib/tinyusb/src/device/usbd.c.obj
                0x0000000010005f80                tud_init
 .text.usbd_defer_func
                0x000000001000604c       0x1e CMakeFiles/main.dir/home/dan/raspberry-pi-pico/pico/pico-sdk/lib/tinyusb/src/device/usbd.c.obj
                0x000000001000604c                usbd_defer_func
 *fill*         0x000000001000606a        0x2 
 .text.usbd_edpt_open
                0x000000001000606c       0x34 CMakeFiles/main.dir/home/dan/raspberry-pi-pico/pico/pico-sdk/lib/tinyusb/src/device/usbd.c.obj
                0x000000001000606c                usbd_edpt_open
 .text.usbd_open_edpt_pair
                0x00000000100060a0       0x62 CMakeFiles/main.dir/home/dan/raspberry-pi-pico/pico/pico-sdk/lib/tinyusb/src/device/usbd.c.obj
                0x00000000100060a0                usbd_open_edpt_pair
 *fill*         0x0000000010006102        0x2 
 .text.usbd_edpt_claim
                0x0000000010006104       0x28 CMakeFiles/main.dir/home/dan/raspberry-pi-pico/pico/pico-sdk/lib/tinyusb/src/device/usbd.c.obj
                0x0000000010006104                usbd_edpt_claim
 .text.usbd_edpt_release
                0x000000001000612c       0x28 CMakeFiles/main.dir/home/dan/raspberry-pi-pico/pico/pico-sdk/lib/tinyusb/src/device/usbd.c.obj
                0x000000001000612c                usbd_edpt_release
 .text.usbd_edpt_xfer
                0x0000000010006154       0x78 CMakeFiles/main.dir/home/dan/raspberry-pi-pico/pico/pico-sdk/lib/tinyusb/src/device/usbd.c.obj
                0x0000000010006154                usbd_edpt_xfer
 .text.usbd_edpt_stall
                0x00000000100061cc       0x48 CMakeFiles/main.dir/home/dan/raspberry-pi-pico/pico/pico-sdk/lib/tinyusb/src/device/usbd.c.obj
                0x00000000100061cc                usbd_edpt_stall
 .text.usbd_edpt_clear_stall
                0x0000000010006214       0x48 CMakeFiles/main.dir/home/dan/raspberry-pi-pico/pico/pico-sdk/lib/tinyusb/src/device/usbd.c.obj
                0x0000000010006214                usbd_edpt_clear_stall
 .text.usbd_edpt_stalled
                0x000000001000625c       0x1c CMakeFiles/main.dir/home/dan/raspberry-pi-pico/pico/pico-sdk/lib/tinyusb/src/device/usbd.c.obj
                0x000000001000625c                usbd_edpt_stalled
 .text.process_control_request
                0x0000000010006278      0x37c CMakeFiles/main.dir/home/dan/raspberry-pi-pico/pico/pico-sdk/lib/tinyusb/src/device/usbd.c.obj
 .text.tud_task_ext
                0x00000000100065f4      0x1b4 CMakeFiles/main.dir/home/dan/raspberry-pi-pico/pico/pico-sdk/lib/tinyusb/src/device/usbd.c.obj
                0x00000000100065f4                tud_task_ext
 .text._data_stage_xact
                0x00000000100067a8       0x58 CMakeFiles/main.dir/home/dan/raspberry-pi-pico/pico/pico-sdk/lib/tinyusb/src/device/usbd_control.c.obj
 .text.tud_control_status
                0x0000000010006800       0x38 CMakeFiles/main.dir/home/dan/raspberry-pi-pico/pico/pico-sdk/lib/tinyusb/src/device/usbd_control.c.obj
                0x0000000010006800                tud_control_status
 .text.tud_control_xfer
                0x0000000010006838       0x74 CMakeFiles/main.dir/home/dan/raspberry-pi-pico/pico/pico-sdk/lib/tinyusb/src/device/usbd_control.c.obj
                0x0000000010006838                tud_control_xfer
 .text.usbd_control_reset
                0x00000000100068ac       0x14 CMakeFiles/main.dir/home/dan/raspberry-pi-pico/pico/pico-sdk/lib/tinyusb/src/device/usbd_control.c.obj
                0x00000000100068ac                usbd_control_reset
 .text.usbd_control_set_complete_callback
                0x00000000100068c0        0xc CMakeFiles/main.dir/home/dan/raspberry-pi-pico/pico/pico-sdk/lib/tinyusb/src/device/usbd_control.c.obj
                0x00000000100068c0                usbd_control_set_complete_callback
 .text.usbd_control_set_request
                0x00000000100068cc       0x1c CMakeFiles/main.dir/home/dan/raspberry-pi-pico/pico/pico-sdk/lib/tinyusb/src/device/usbd_control.c.obj
                0x00000000100068cc                usbd_control_set_request
 .text.usbd_control_xfer_cb
                0x00000000100068e8       0xcc CMakeFiles/main.dir/home/dan/raspberry-pi-pico/pico/pico-sdk/lib/tinyusb/src/device/usbd_control.c.obj
                0x00000000100068e8                usbd_control_xfer_cb
 .text._prep_out_transaction
                0x00000000100069b4       0x4a CMakeFiles/main.dir/home/dan/raspberry-pi-pico/pico/pico-sdk/lib/tinyusb/src/class/cdc/cdc_device.c.obj
 *fill*         0x00000000100069fe        0x2 
 .text.tud_cdc_n_connected
                0x0000000010006a00       0x44 CMakeFiles/main.dir/home/dan/raspberry-pi-pico/pico/pico-sdk/lib/tinyusb/src/class/cdc/cdc_device.c.obj
                0x0000000010006a00                tud_cdc_n_connected
 .text.tud_cdc_n_available
                0x0000000010006a44       0x18 CMakeFiles/main.dir/home/dan/raspberry-pi-pico/pico/pico-sdk/lib/tinyusb/src/class/cdc/cdc_device.c.obj
                0x0000000010006a44                tud_cdc_n_available
 .text.tud_cdc_n_read
                0x0000000010006a5c       0x28 CMakeFiles/main.dir/home/dan/raspberry-pi-pico/pico/pico-sdk/lib/tinyusb/src/class/cdc/cdc_device.c.obj
                0x0000000010006a5c                tud_cdc_n_read
 .text.tud_cdc_n_write_flush
                0x0000000010006a84       0xb8 CMakeFiles/main.dir/home/dan/raspberry-pi-pico/pico/pico-sdk/lib/tinyusb/src/class/cdc/cdc_device.c.obj
                0x0000000010006a84                tud_cdc_n_write_flush
 .text.tud_cdc_n_write
                0x0000000010006b3c       0x38 CMakeFiles/main.dir/home/dan/raspberry-pi-pico/pico/pico-sdk/lib/tinyusb/src/class/cdc/cdc_device.c.obj
                0x0000000010006b3c                tud_cdc_n_write
 .text.tud_cdc_n_write_available
                0x0000000010006b74       0x1c CMakeFiles/main.dir/home/dan/raspberry-pi-pico/pico/pico-sdk/lib/tinyusb/src/class/cdc/cdc_device.c.obj
                0x0000000010006b74                tud_cdc_n_write_available
 .text.cdcd_init
                0x0000000010006b90       0xbc CMakeFiles/main.dir/home/dan/raspberry-pi-pico/pico/pico-sdk/lib/tinyusb/src/class/cdc/cdc_device.c.obj
                0x0000000010006b90                cdcd_init
 .text.cdcd_reset
                0x0000000010006c4c       0x44 CMakeFiles/main.dir/home/dan/raspberry-pi-pico/pico/pico-sdk/lib/tinyusb/src/class/cdc/cdc_device.c.obj
                0x0000000010006c4c                cdcd_reset
 .text.cdcd_open
                0x0000000010006c90       0xcc CMakeFiles/main.dir/home/dan/raspberry-pi-pico/pico/pico-sdk/lib/tinyusb/src/class/cdc/cdc_device.c.obj
                0x0000000010006c90                cdcd_open
 .text.cdcd_control_xfer_cb
                0x0000000010006d5c      0x134 CMakeFiles/main.dir/home/dan/raspberry-pi-pico/pico/pico-sdk/lib/tinyusb/src/class/cdc/cdc_device.c.obj
                0x0000000010006d5c                cdcd_control_xfer_cb
 .text.cdcd_xfer_cb
                0x0000000010006e90      0x130 CMakeFiles/main.dir/home/dan/raspberry-pi-pico/pico/pico-sdk/lib/tinyusb/src/class/cdc/cdc_device.c.obj
                0x0000000010006e90                cdcd_xfer_cb
 .text.tusb_init
                0x0000000010006fc0        0xa CMakeFiles/main.dir/home/dan/raspberry-pi-pico/pico/pico-sdk/lib/tinyusb/src/tusb.c.obj
                0x0000000010006fc0                tusb_init
 .text.tusb_inited
                0x0000000010006fca        0xe CMakeFiles/main.dir/home/dan/raspberry-pi-pico/pico/pico-sdk/lib/tinyusb/src/tusb.c.obj
                0x0000000010006fca                tusb_inited
 .text.tu_edpt_claim
                0x0000000010006fd8       0x50 CMakeFiles/main.dir/home/dan/raspberry-pi-pico/pico/pico-sdk/lib/tinyusb/src/tusb.c.obj
                0x0000000010006fd8                tu_edpt_claim
 .text.tu_edpt_release
                0x0000000010007028       0x3c CMakeFiles/main.dir/home/dan/raspberry-pi-pico/pico/pico-sdk/lib/tinyusb/src/tusb.c.obj
                0x0000000010007028                tu_edpt_release
 .text.tu_edpt_validate
                0x0000000010007064       0x78 CMakeFiles/main.dir/home/dan/raspberry-pi-pico/pico/pico-sdk/lib/tinyusb/src/tusb.c.obj
                0x0000000010007064                tu_edpt_validate
 .text.tu_edpt_bind_driver
                0x00000000100070dc       0x26 CMakeFiles/main.dir/home/dan/raspberry-pi-pico/pico/pico-sdk/lib/tinyusb/src/tusb.c.obj
                0x00000000100070dc                tu_edpt_bind_driver
 .text.advance_index
                0x0000000010007102       0x1a CMakeFiles/main.dir/home/dan/raspberry-pi-pico/pico/pico-sdk/lib/tinyusb/src/common/tusb_fifo.c.obj
 .text._tu_fifo_peek
                0x000000001000711c       0x56 CMakeFiles/main.dir/home/dan/raspberry-pi-pico/pico/pico-sdk/lib/tinyusb/src/common/tusb_fifo.c.obj
 .text._ff_pull_const_addr
                0x0000000010007172       0x4c CMakeFiles/main.dir/home/dan/raspberry-pi-pico/pico/pico-sdk/lib/tinyusb/src/common/tusb_fifo.c.obj
 .text._ff_pull_n
                0x00000000100071be      0x110 CMakeFiles/main.dir/home/dan/raspberry-pi-pico/pico/pico-sdk/lib/tinyusb/src/common/tusb_fifo.c.obj
 .text._tu_fifo_peek_n
                0x00000000100072ce       0x6a CMakeFiles/main.dir/home/dan/raspberry-pi-pico/pico/pico-sdk/lib/tinyusb/src/common/tusb_fifo.c.obj
 .text._tu_fifo_read_n
                0x0000000010007338       0x4e CMakeFiles/main.dir/home/dan/raspberry-pi-pico/pico/pico-sdk/lib/tinyusb/src/common/tusb_fifo.c.obj
 .text._ff_push_const_addr
                0x0000000010007386       0x40 CMakeFiles/main.dir/home/dan/raspberry-pi-pico/pico/pico-sdk/lib/tinyusb/src/common/tusb_fifo.c.obj
 .text._ff_push_n
                0x00000000100073c6      0x10a CMakeFiles/main.dir/home/dan/raspberry-pi-pico/pico/pico-sdk/lib/tinyusb/src/common/tusb_fifo.c.obj
 .text._tu_fifo_write_n
                0x00000000100074d0       0xf0 CMakeFiles/main.dir/home/dan/raspberry-pi-pico/pico/pico-sdk/lib/tinyusb/src/common/tusb_fifo.c.obj
 .text.tu_fifo_config
                0x00000000100075c0       0x7e CMakeFiles/main.dir/home/dan/raspberry-pi-pico/pico/pico-sdk/lib/tinyusb/src/common/tusb_fifo.c.obj
                0x00000000100075c0                tu_fifo_config
 .text.tu_fifo_count
                0x000000001000763e       0x2a CMakeFiles/main.dir/home/dan/raspberry-pi-pico/pico/pico-sdk/lib/tinyusb/src/common/tusb_fifo.c.obj
                0x000000001000763e                tu_fifo_count
 .text.tu_fifo_empty
                0x0000000010007668        0xe CMakeFiles/main.dir/home/dan/raspberry-pi-pico/pico/pico-sdk/lib/tinyusb/src/common/tusb_fifo.c.obj
                0x0000000010007668                tu_fifo_empty
 .text.tu_fifo_full
                0x0000000010007676       0x28 CMakeFiles/main.dir/home/dan/raspberry-pi-pico/pico/pico-sdk/lib/tinyusb/src/common/tusb_fifo.c.obj
                0x0000000010007676                tu_fifo_full
 .text.tu_fifo_remaining
                0x000000001000769e       0x2c CMakeFiles/main.dir/home/dan/raspberry-pi-pico/pico/pico-sdk/lib/tinyusb/src/common/tusb_fifo.c.obj
                0x000000001000769e                tu_fifo_remaining
 .text.tu_fifo_read
                0x00000000100076ca       0x42 CMakeFiles/main.dir/home/dan/raspberry-pi-pico/pico/pico-sdk/lib/tinyusb/src/common/tusb_fifo.c.obj
                0x00000000100076ca                tu_fifo_read
 .text.tu_fifo_read_n
                0x000000001000770c        0xa CMakeFiles/main.dir/home/dan/raspberry-pi-pico/pico/pico-sdk/lib/tinyusb/src/common/tusb_fifo.c.obj
                0x000000001000770c                tu_fifo_read_n
 .text.tu_fifo_write
                0x0000000010007716       0x64 CMakeFiles/main.dir/home/dan/raspberry-pi-pico/pico/pico-sdk/lib/tinyusb/src/common/tusb_fifo.c.obj
                0x0000000010007716                tu_fifo_write
 .text.tu_fifo_write_n
                0x000000001000777a        0xa CMakeFiles/main.dir/home/dan/raspberry-pi-pico/pico/pico-sdk/lib/tinyusb/src/common/tusb_fifo.c.obj
                0x000000001000777a                tu_fifo_write_n
 .text.tu_fifo_clear
                0x0000000010007784       0x3e CMakeFiles/main.dir/home/dan/raspberry-pi-pico/pico/pico-sdk/lib/tinyusb/src/common/tusb_fifo.c.obj
                0x0000000010007784                tu_fifo_clear
 .text.tu_fifo_set_overwritable
                0x00000000100077c2       0x46 CMakeFiles/main.dir/home/dan/raspberry-pi-pico/pico/pico-sdk/lib/tinyusb/src/common/tusb_fifo.c.obj
                0x00000000100077c2                tu_fifo_set_overwritable
 .text.core1_trampoline
                0x0000000010007808        0x2 CMakeFiles/main.dir/home/dan/raspberry-pi-pico/pico/pico-sdk/src/rp2_common/pico_multicore/multicore.c.obj
 .text.core1_wrapper
                0x000000001000780a        0xc CMakeFiles/main.dir/home/dan/raspberry-pi-pico/pico/pico-sdk/src/rp2_common/pico_multicore/multicore.c.obj
                0x000000001000780a                core1_wrapper
 .text.multicore_fifo_push_blocking
                0x0000000010007816       0x14 CMakeFiles/main.dir/home/dan/raspberry-pi-pico/pico/pico-sdk/src/rp2_common/pico_multicore/multicore.c.obj
                0x0000000010007816                multicore_fifo_push_blocking
 .text.multicore_fifo_pop_blocking
                0x000000001000782a       0x16 CMakeFiles/main.dir/home/dan/raspberry-pi-pico/pico/pico-sdk/src/rp2_common/pico_multicore/multicore.c.obj
                0x000000001000782a                multicore_fifo_pop_blocking
 .text.multicore_launch_core1_raw
                0x0000000010007840       0x70 CMakeFiles/main.dir/home/dan/raspberry-pi-pico/pico/pico-sdk/src/rp2_common/pico_multicore/multicore.c.obj
                0x0000000010007840                multicore_launch_core1_raw
 .text.multicore_launch_core1_with_stack
                0x00000000100078b0       0x50 CMakeFiles/main.dir/home/dan/raspberry-pi-pico/pico/pico-sdk/src/rp2_common/pico_multicore/multicore.c.obj
                0x00000000100078b0                multicore_launch_core1_with_stack
 .text.multicore_launch_core1
                0x0000000010007900       0x24 CMakeFiles/main.dir/home/dan/raspberry-pi-pico/pico/pico-sdk/src/rp2_common/pico_multicore/multicore.c.obj
                0x0000000010007900                multicore_launch_core1
 .text.spi_set_baudrate
                0x0000000010007924       0xce CMakeFiles/main.dir/home/dan/raspberry-pi-pico/pico/pico-sdk/src/rp2_common/hardware_spi/spi.c.obj
                0x0000000010007924                spi_set_baudrate
 *fill*         0x00000000100079f2        0x2 
 .text.spi_init
                0x00000000100079f4       0x74 CMakeFiles/main.dir/home/dan/raspberry-pi-pico/pico/pico-sdk/src/rp2_common/hardware_spi/spi.c.obj
                0x00000000100079f4                spi_init
 .text.i2c_set_baudrate
                0x0000000010007a68       0xf0 CMakeFiles/main.dir/home/dan/raspberry-pi-pico/pico/pico-sdk/src/rp2_common/hardware_i2c/i2c.c.obj
                0x0000000010007a68                i2c_set_baudrate
 .text.i2c_init
                0x0000000010007b58       0x58 CMakeFiles/main.dir/home/dan/raspberry-pi-pico/pico/pico-sdk/src/rp2_common/hardware_i2c/i2c.c.obj
                0x0000000010007b58                i2c_init
 .text.LCD_1IN3_Reset
                0x0000000010007bb0       0x2e LCD/libLCD.a(LCD_1in3.c.obj)
 .text.LCD_1IN3_SendCommand
                0x0000000010007bde       0x24 LCD/libLCD.a(LCD_1in3.c.obj)
 .text.LCD_1IN3_SendData_8Bit
                0x0000000010007c02       0x24 LCD/libLCD.a(LCD_1in3.c.obj)
 *fill*         0x0000000010007c26        0x2 
 .text.LCD_1IN3_SetAttributes
                0x0000000010007c28       0x30 LCD/libLCD.a(LCD_1in3.c.obj)
 .text.LCD_1IN3_InitReg
                0x0000000010007c58      0x160 LCD/libLCD.a(LCD_1in3.c.obj)
 .text.LCD_1IN3_Init
                0x0000000010007db8       0x1a LCD/libLCD.a(LCD_1in3.c.obj)
                0x0000000010007db8                LCD_1IN3_Init
 .text.LCD_1IN3_SetWindows
                0x0000000010007dd2       0x52 LCD/libLCD.a(LCD_1in3.c.obj)
                0x0000000010007dd2                LCD_1IN3_SetWindows
 .text.LCD_1IN3_Clear
                0x0000000010007e24       0x88 LCD/libLCD.a(LCD_1in3.c.obj)
                0x0000000010007e24                LCD_1IN3_Clear
 .text.LCD_1IN3_Display
                0x0000000010007eac       0x58 LCD/libLCD.a(LCD_1in3.c.obj)
                0x0000000010007eac                LCD_1IN3_Display
 .text.DEV_Digital_Write
                0x0000000010007f04       0x18 Config/libConfig.a(DEV_Config.c.obj)
                0x0000000010007f04                DEV_Digital_Write
 .text.DEV_SPI_WriteByte
                0x0000000010007f1c       0x1c Config/libConfig.a(DEV_Config.c.obj)
                0x0000000010007f1c                DEV_SPI_WriteByte
 .text.DEV_SPI_Write_nByte
                0x0000000010007f38       0x14 Config/libConfig.a(DEV_Config.c.obj)
                0x0000000010007f38                DEV_SPI_Write_nByte
 .text.DEV_GPIO_Mode
                0x0000000010007f4c       0x26 Config/libConfig.a(DEV_Config.c.obj)
                0x0000000010007f4c                DEV_GPIO_Mode
 .text.DEV_Delay_ms
                0x0000000010007f72        0x8 Config/libConfig.a(DEV_Config.c.obj)
                0x0000000010007f72                DEV_Delay_ms
 .text.DEV_GPIO_Init
                0x0000000010007f7a       0x4c Config/libConfig.a(DEV_Config.c.obj)
                0x0000000010007f7a                DEV_GPIO_Init
 *fill*         0x0000000010007fc6        0x2 
 .text.DEV_Module_Init
                0x0000000010007fc8       0xcc Config/libConfig.a(DEV_Config.c.obj)
                0x0000000010007fc8                DEV_Module_Init
 .text.DEV_SET_PWM
                0x0000000010008094       0x40 Config/libConfig.a(DEV_Config.c.obj)
                0x0000000010008094                DEV_SET_PWM
 .text          0x00000000100080d4       0x68 /usr/lib/gcc/arm-none-eabi/9.2.1/../../../arm-none-eabi/lib/thumb/v6-m/nofp/libg.a(lib_a-strlen-stub.o)
                0x00000000100080d4                strlen
 *(.fini)
 .fini          0x000000001000813c        0x4 /usr/lib/gcc/arm-none-eabi/9.2.1/thumb/v6-m/nofp/crti.o
                0x000000001000813c                _fini
 .fini.__stub   0x0000000010008140       0xf0 linker stubs
 *crtbegin.o(.ctors)
 *crtbegin?.o(.ctors)
 *(EXCLUDE_FILE(*crtend.o *crtend?.o) .ctors)
 *(SORT_BY_NAME(.ctors.*))
 *(.ctors)
 *crtbegin.o(.dtors)
 *crtbegin?.o(.dtors)
 *(EXCLUDE_FILE(*crtend.o *crtend?.o) .dtors)
 *(SORT_BY_NAME(.dtors.*))
 *(.dtors)
 *(.eh_frame*)
 .eh_frame      0x0000000010008230        0x0 /usr/lib/gcc/arm-none-eabi/9.2.1/thumb/v6-m/nofp/crtbegin.o
                0x0000000010008230                . = ALIGN (0x4)

.glue_7         0x0000000010008230        0x0
 .glue_7        0x0000000010008230        0x0 linker stubs

.glue_7t        0x0000000010008230        0x0
 .glue_7t       0x0000000010008230        0x0 linker stubs

.vfp11_veneer   0x0000000010008230        0x0
 .vfp11_veneer  0x0000000010008230        0x0 linker stubs

.v4_bx          0x0000000010008230        0x0
 .v4_bx         0x0000000010008230        0x0 linker stubs

.iplt           0x0000000010008230        0x0
 .iplt          0x0000000010008230        0x0 /usr/lib/gcc/arm-none-eabi/9.2.1/thumb/v6-m/nofp/crtbegin.o

.rodata         0x0000000010008230     0x17b4
 *(EXCLUDE_FILE(*libm.a: *libc.a:*lib_a-mem*.o *libgcc.a:) .rodata*)
 .rodata.lightPos
                0x0000000010008230       0x18 CMakeFiles/main.dir/main.c.obj
                0x0000000010008230                lightPos
 .rodata.spin_lock_claim_unused.str1.4
                0x0000000010008248       0x1b CMakeFiles/main.dir/home/dan/raspberry-pi-pico/pico/pico-sdk/src/rp2_common/hardware_sync/sync.c.obj
 *fill*         0x0000000010008263        0x1 
 .rodata.make_branch.str1.4
                0x0000000010008264       0x7c CMakeFiles/main.dir/home/dan/raspberry-pi-pico/pico/pico-sdk/src/rp2_common/hardware_irq/irq.c.obj
 .rodata.insert_branch_and_link.str1.4
                0x00000000100082e0       0x10 CMakeFiles/main.dir/home/dan/raspberry-pi-pico/pico/pico-sdk/src/rp2_common/hardware_irq/irq.c.obj
 .rodata.irq_set_exclusive_handler.str1.4
                0x00000000100082f0       0x36 CMakeFiles/main.dir/home/dan/raspberry-pi-pico/pico/pico-sdk/src/rp2_common/hardware_irq/irq.c.obj
 *fill*         0x0000000010008326        0x2 
 .rodata.irq_add_shared_handler.str1.4
                0x0000000010008328       0xd9 CMakeFiles/main.dir/home/dan/raspberry-pi-pico/pico/pico-sdk/src/rp2_common/hardware_irq/irq.c.obj
 *fill*         0x0000000010008401        0x3 
 .rodata.irq_remove_handler.str1.4
                0x0000000010008404       0x3a CMakeFiles/main.dir/home/dan/raspberry-pi-pico/pico/pico-sdk/src/rp2_common/hardware_irq/irq.c.obj
 *fill*         0x000000001000843e        0x2 
 .rodata.irq_add_tail_to_free_list.str1.4
                0x0000000010008440       0x3a CMakeFiles/main.dir/home/dan/raspberry-pi-pico/pico/pico-sdk/src/rp2_common/hardware_irq/irq.c.obj
 *fill*         0x000000001000847a        0x2 
 .rodata.user_irq_claim_unused.str1.4
                0x000000001000847c       0x1b CMakeFiles/main.dir/home/dan/raspberry-pi-pico/pico/pico-sdk/src/rp2_common/hardware_irq/irq.c.obj
 *fill*         0x0000000010008497        0x1 
 .rodata.__func__.4809
                0x0000000010008498       0x1a CMakeFiles/main.dir/home/dan/raspberry-pi-pico/pico/pico-sdk/src/rp2_common/hardware_irq/irq.c.obj
 *fill*         0x00000000100084b2        0x2 
 .rodata.__func__.4823
                0x00000000100084b4        0xc CMakeFiles/main.dir/home/dan/raspberry-pi-pico/pico/pico-sdk/src/rp2_common/hardware_irq/irq.c.obj
 .rodata.__func__.4831
                0x00000000100084c0       0x17 CMakeFiles/main.dir/home/dan/raspberry-pi-pico/pico/pico-sdk/src/rp2_common/hardware_irq/irq.c.obj
 *fill*         0x00000000100084d7        0x1 
 .rodata.__func__.4835
                0x00000000100084d8        0xf CMakeFiles/main.dir/home/dan/raspberry-pi-pico/pico/pico-sdk/src/rp2_common/hardware_irq/irq.c.obj
 *fill*         0x00000000100084e7        0x1 
 .rodata.__func__.4852
                0x00000000100084e8       0x17 CMakeFiles/main.dir/home/dan/raspberry-pi-pico/pico/pico-sdk/src/rp2_common/hardware_irq/irq.c.obj
 *fill*         0x00000000100084ff        0x1 
 .rodata.__func__.4874
                0x0000000010008500       0x13 CMakeFiles/main.dir/home/dan/raspberry-pi-pico/pico/pico-sdk/src/rp2_common/hardware_irq/irq.c.obj
 *fill*         0x0000000010008513        0x1 
 .rodata.__func__.4896
                0x0000000010008514       0x1a CMakeFiles/main.dir/home/dan/raspberry-pi-pico/pico/pico-sdk/src/rp2_common/hardware_irq/irq.c.obj
 *fill*         0x000000001000852e        0x2 
 .rodata.str1.4
                0x0000000010008530      0x109 CMakeFiles/main.dir/home/dan/raspberry-pi-pico/pico/pico-sdk/src/common/pico_sync/mutex.c.obj
 *fill*         0x0000000010008639        0x3 
 .rodata.__func__.4193
                0x000000001000863c       0x15 CMakeFiles/main.dir/home/dan/raspberry-pi-pico/pico/pico-sdk/src/common/pico_sync/mutex.c.obj
 *fill*         0x0000000010008651        0x3 
 .rodata.__func__.4724
                0x0000000010008654       0x18 CMakeFiles/main.dir/home/dan/raspberry-pi-pico/pico/pico-sdk/src/common/pico_sync/mutex.c.obj
 .rodata.__func__.4743
                0x000000001000866c        0xb CMakeFiles/main.dir/home/dan/raspberry-pi-pico/pico/pico-sdk/src/common/pico_sync/mutex.c.obj
 *fill*         0x0000000010008677        0x1 
 .rodata.repeating_timer_callback.str1.4
                0x0000000010008678       0x5a CMakeFiles/main.dir/home/dan/raspberry-pi-pico/pico/pico-sdk/src/common/pico_time/time.c.obj
 *fill*         0x00000000100086d2        0x2 
 .rodata.timer_pool_entry_comparator.str1.4
                0x00000000100086d4       0x22 CMakeFiles/main.dir/home/dan/raspberry-pi-pico/pico/pico-sdk/src/common/pico_time/time.c.obj
 *fill*         0x00000000100086f6        0x2 
 .rodata.ph_add_child_node.str1.4
                0x00000000100086f8       0xa6 CMakeFiles/main.dir/home/dan/raspberry-pi-pico/pico/pico-sdk/src/common/pico_time/time.c.obj
 *fill*         0x000000001000879e        0x2 
 .rodata.add_alarm_under_lock.str1.4
                0x00000000100087a0       0x28 CMakeFiles/main.dir/home/dan/raspberry-pi-pico/pico/pico-sdk/src/common/pico_time/time.c.obj
                                         0x2b (size before relaxing)
 .rodata.alarm_pool_alarm_callback.str1.4
                0x00000000100087c8       0x98 CMakeFiles/main.dir/home/dan/raspberry-pi-pico/pico/pico-sdk/src/common/pico_time/time.c.obj
                                        0x108 (size before relaxing)
 .rodata.alarm_pool_get_default.str1.4
                0x0000000010008860       0x21 CMakeFiles/main.dir/home/dan/raspberry-pi-pico/pico/pico-sdk/src/common/pico_time/time.c.obj
 *fill*         0x0000000010008881        0x3 
 .rodata.alarm_pool_cancel_alarm.str1.4
                0x0000000010008884       0x27 CMakeFiles/main.dir/home/dan/raspberry-pi-pico/pico/pico-sdk/src/common/pico_time/time.c.obj
 *fill*         0x00000000100088ab        0x1 
 .rodata.sleep_until.str1.4
                0x00000000100088ac       0x4d CMakeFiles/main.dir/home/dan/raspberry-pi-pico/pico/pico-sdk/src/common/pico_time/time.c.obj
 *fill*         0x00000000100088f9        0x3 
 .rodata.__func__.5701
                0x00000000100088fc       0x15 CMakeFiles/main.dir/home/dan/raspberry-pi-pico/pico/pico-sdk/src/common/pico_time/time.c.obj
 *fill*         0x0000000010008911        0x3 
 .rodata.__func__.6045
                0x0000000010008914        0xc CMakeFiles/main.dir/home/dan/raspberry-pi-pico/pico/pico-sdk/src/common/pico_time/time.c.obj
 .rodata.__func__.6052
                0x0000000010008920       0x12 CMakeFiles/main.dir/home/dan/raspberry-pi-pico/pico/pico-sdk/src/common/pico_time/time.c.obj
 *fill*         0x0000000010008932        0x2 
 .rodata.__func__.6068
                0x0000000010008934        0xf CMakeFiles/main.dir/home/dan/raspberry-pi-pico/pico/pico-sdk/src/common/pico_time/time.c.obj
 *fill*         0x0000000010008943        0x1 
 .rodata.__func__.6090
                0x0000000010008944        0xd CMakeFiles/main.dir/home/dan/raspberry-pi-pico/pico/pico-sdk/src/common/pico_time/time.c.obj
 *fill*         0x0000000010008951        0x3 
 .rodata.__func__.6319
                0x0000000010008954        0xa CMakeFiles/main.dir/home/dan/raspberry-pi-pico/pico/pico-sdk/src/common/pico_time/time.c.obj
 *fill*         0x000000001000895e        0x2 
 .rodata.__func__.6324
                0x0000000010008960       0x12 CMakeFiles/main.dir/home/dan/raspberry-pi-pico/pico/pico-sdk/src/common/pico_time/time.c.obj
 *fill*         0x0000000010008972        0x2 
 .rodata.__func__.6339
                0x0000000010008974       0x17 CMakeFiles/main.dir/home/dan/raspberry-pi-pico/pico/pico-sdk/src/common/pico_time/time.c.obj
 *fill*         0x000000001000898b        0x1 
 .rodata.__func__.6350
                0x000000001000898c       0x15 CMakeFiles/main.dir/home/dan/raspberry-pi-pico/pico/pico-sdk/src/common/pico_time/time.c.obj
 *fill*         0x00000000100089a1        0x3 
 .rodata.__func__.6367
                0x00000000100089a4       0x1a CMakeFiles/main.dir/home/dan/raspberry-pi-pico/pico/pico-sdk/src/common/pico_time/time.c.obj
 *fill*         0x00000000100089be        0x2 
 .rodata.__func__.6420
                0x00000000100089c0       0x18 CMakeFiles/main.dir/home/dan/raspberry-pi-pico/pico/pico-sdk/src/common/pico_time/time.c.obj
 .rodata.hardware_alarm_claim.str1.4
                0x00000000100089d8       0x22 CMakeFiles/main.dir/home/dan/raspberry-pi-pico/pico/pico-sdk/src/rp2_common/hardware_timer/timer.c.obj
 *fill*         0x00000000100089fa        0x2 
 .rodata.hardware_alarm_set_target.str1.4
                0x00000000100089fc       0x74 CMakeFiles/main.dir/home/dan/raspberry-pi-pico/pico/pico-sdk/src/rp2_common/hardware_timer/timer.c.obj
 .rodata.__func__.4590
                0x0000000010008a70       0x1a CMakeFiles/main.dir/home/dan/raspberry-pi-pico/pico/pico-sdk/src/rp2_common/hardware_timer/timer.c.obj
 .rodata.ph_add_child_node.str1.4
                0x0000000010008a8a       0xa6 CMakeFiles/main.dir/home/dan/raspberry-pi-pico/pico/pico-sdk/src/common/pico_util/pheap.c.obj
 *fill*         0x0000000010008a8a        0x2 
 .rodata.ph_remove_any_head.str1.4
                0x0000000010008a8c       0x9c CMakeFiles/main.dir/home/dan/raspberry-pi-pico/pico/pico-sdk/src/common/pico_util/pheap.c.obj
                                         0xb0 (size before relaxing)
 .rodata.ph_remove_and_free_node.str1.4
                0x0000000010008b28       0x1e CMakeFiles/main.dir/home/dan/raspberry-pi-pico/pico/pico-sdk/src/common/pico_util/pheap.c.obj
                                         0x26 (size before relaxing)
 *fill*         0x0000000010008b46        0x2 
 .rodata.__func__.5726
                0x0000000010008b48        0xc CMakeFiles/main.dir/home/dan/raspberry-pi-pico/pico/pico-sdk/src/common/pico_util/pheap.c.obj
 .rodata.__func__.5733
                0x0000000010008b54       0x12 CMakeFiles/main.dir/home/dan/raspberry-pi-pico/pico/pico-sdk/src/common/pico_util/pheap.c.obj
 *fill*         0x0000000010008b66        0x2 
 .rodata.__func__.5819
                0x0000000010008b68       0x13 CMakeFiles/main.dir/home/dan/raspberry-pi-pico/pico/pico-sdk/src/common/pico_util/pheap.c.obj
 *fill*         0x0000000010008b7b        0x1 
 .rodata.__func__.5837
                0x0000000010008b7c       0x18 CMakeFiles/main.dir/home/dan/raspberry-pi-pico/pico/pico-sdk/src/common/pico_util/pheap.c.obj
 .rodata.clock_configure.str1.4
                0x0000000010008b94       0x66 CMakeFiles/main.dir/home/dan/raspberry-pi-pico/pico/pico-sdk/src/rp2_common/hardware_clocks/clocks.c.obj
 *fill*         0x0000000010008bfa        0x2 
 .rodata.__func__.4776
                0x0000000010008bfc       0x10 CMakeFiles/main.dir/home/dan/raspberry-pi-pico/pico/pico-sdk/src/rp2_common/hardware_clocks/clocks.c.obj
 .rodata.pll_init.str1.4
                0x0000000010008c0c      0x130 CMakeFiles/main.dir/home/dan/raspberry-pi-pico/pico/pico-sdk/src/rp2_common/hardware_pll/pll.c.obj
 .rodata.__func__.4433
                0x0000000010008d3c        0x9 CMakeFiles/main.dir/home/dan/raspberry-pi-pico/pico/pico-sdk/src/rp2_common/hardware_pll/pll.c.obj
 *fill*         0x0000000010008d45        0x3 
 .rodata.__assert_func.str1.4
                0x0000000010008d48       0x3f CMakeFiles/main.dir/home/dan/raspberry-pi-pico/pico/pico-sdk/src/rp2_common/pico_runtime/runtime.c.obj
                                         0x43 (size before relaxing)
 *fill*         0x0000000010008d87        0x1 
 .rodata.runtime_init.str1.4
                0x0000000010008d88       0x70 CMakeFiles/main.dir/home/dan/raspberry-pi-pico/pico/pico-sdk/src/rp2_common/pico_runtime/runtime.c.obj
 .rodata.panic.str1.4
                0x0000000010008df8       0x12 CMakeFiles/main.dir/home/dan/raspberry-pi-pico/pico/pico-sdk/src/rp2_common/pico_runtime/runtime.c.obj
 *fill*         0x0000000010008e0a        0x2 
 .rodata.__func__.6387
                0x0000000010008e0c        0xd CMakeFiles/main.dir/home/dan/raspberry-pi-pico/pico/pico-sdk/src/rp2_common/pico_runtime/runtime.c.obj
 *fill*         0x0000000010008e19        0x3 
 .rodata._ftoa.str1.4
                0x0000000010008e1c       0x15 CMakeFiles/main.dir/home/dan/raspberry-pi-pico/pico/pico-sdk/src/rp2_common/pico_printf/printf.c.obj
 *fill*         0x0000000010008e31        0x3 
 .rodata._vsnprintf
                0x0000000010008e34      0x1e0 CMakeFiles/main.dir/home/dan/raspberry-pi-pico/pico/pico-sdk/src/rp2_common/pico_printf/printf.c.obj
 *fill*         0x0000000010009014        0x4 
 .rodata.pow10.5431
                0x0000000010009018       0x50 CMakeFiles/main.dir/home/dan/raspberry-pi-pico/pico/pico-sdk/src/rp2_common/pico_printf/printf.c.obj
 .rodata.__aeabi_double_init.str1.4
                0x0000000010009068       0xab CMakeFiles/main.dir/home/dan/raspberry-pi-pico/pico/pico-sdk/src/rp2_common/pico_double/double_init_rom.c.obj
 *fill*         0x0000000010009113        0x1 
 .rodata.__func__.4737
                0x0000000010009114       0x14 CMakeFiles/main.dir/home/dan/raspberry-pi-pico/pico/pico-sdk/src/rp2_common/pico_double/double_init_rom.c.obj
 .rodata.__aeabi_float_init.str1.4
                0x0000000010009128       0x89 CMakeFiles/main.dir/home/dan/raspberry-pi-pico/pico/pico-sdk/src/rp2_common/pico_float/float_init_rom.c.obj
                                         0x8d (size before relaxing)
 *fill*         0x00000000100091b1        0x3 
 .rodata.__func__.4738
                0x00000000100091b4       0x13 CMakeFiles/main.dir/home/dan/raspberry-pi-pico/pico/pico-sdk/src/rp2_common/pico_float/float_init_rom.c.obj
 *fill*         0x00000000100091c7        0x1 
 .rodata.str1.4
                0x00000000100091c8       0x3c CMakeFiles/main.dir/home/dan/raspberry-pi-pico/pico/pico-sdk/src/rp2_common/pico_standard_link/binary_info.c.obj
 .rodata.__bi_44
                0x0000000010009204        0xc CMakeFiles/main.dir/home/dan/raspberry-pi-pico/pico/pico-sdk/src/rp2_common/pico_standard_link/binary_info.c.obj
 .rodata.__bi_75
                0x0000000010009210        0xc CMakeFiles/main.dir/home/dan/raspberry-pi-pico/pico/pico-sdk/src/rp2_common/pico_standard_link/binary_info.c.obj
 .rodata.__bi_81
                0x000000001000921c        0xc CMakeFiles/main.dir/home/dan/raspberry-pi-pico/pico/pico-sdk/src/rp2_common/pico_standard_link/binary_info.c.obj
 .rodata.stdout_serialize_begin.str1.4
                0x0000000010009228       0x70 CMakeFiles/main.dir/home/dan/raspberry-pi-pico/pico/pico-sdk/src/rp2_common/pico_stdio/stdio.c.obj
 .rodata.__func__.5563
                0x0000000010009228       0x15 CMakeFiles/main.dir/home/dan/raspberry-pi-pico/pico/pico-sdk/src/rp2_common/pico_stdio/stdio.c.obj
 *fill*         0x000000001000923d        0x3 
 .rodata.crlf_str.6084
                0x0000000010009240        0x2 CMakeFiles/main.dir/home/dan/raspberry-pi-pico/pico/pico-sdk/src/rp2_common/pico_stdio/stdio.c.obj
 *fill*         0x0000000010009242        0x2 
 .rodata._resetd_driver
                0x0000000010009244       0x18 CMakeFiles/main.dir/home/dan/raspberry-pi-pico/pico/pico-sdk/src/rp2_common/pico_stdio_usb/reset_interface.c.obj
 .rodata.low_priority_worker_irq.str1.4
                0x000000001000925c       0x70 CMakeFiles/main.dir/home/dan/raspberry-pi-pico/pico/pico-sdk/src/rp2_common/pico_stdio_usb/stdio_usb.c.obj
 .rodata.stdio_usb_init.str1.4
                0x000000001000925c       0x54 CMakeFiles/main.dir/home/dan/raspberry-pi-pico/pico/pico-sdk/src/rp2_common/pico_stdio_usb/stdio_usb.c.obj
                                         0x5c (size before relaxing)
 .rodata.str1.4
                0x00000000100092b0       0x13 CMakeFiles/main.dir/home/dan/raspberry-pi-pico/pico/pico-sdk/src/rp2_common/pico_stdio_usb/stdio_usb.c.obj
 *fill*         0x00000000100092c3        0x1 
 .rodata.__bi_182.7662
                0x00000000100092c4        0xc CMakeFiles/main.dir/home/dan/raspberry-pi-pico/pico/pico-sdk/src/rp2_common/pico_stdio_usb/stdio_usb.c.obj
 .rodata.__func__.5424
                0x00000000100092d0       0x15 CMakeFiles/main.dir/home/dan/raspberry-pi-pico/pico/pico-sdk/src/rp2_common/pico_stdio_usb/stdio_usb.c.obj
 *fill*         0x00000000100092e5        0x3 
 .rodata.__func__.7660
                0x00000000100092e8        0xf CMakeFiles/main.dir/home/dan/raspberry-pi-pico/pico/pico-sdk/src/rp2_common/pico_stdio_usb/stdio_usb.c.obj
 *fill*         0x00000000100092f7        0x1 
 .rodata.str1.4
                0x00000000100092f8       0x2a CMakeFiles/main.dir/home/dan/raspberry-pi-pico/pico/pico-sdk/src/rp2_common/pico_stdio_usb/stdio_usb_descriptors.c.obj
 *fill*         0x0000000010009322        0x2 
 .rodata.usbd_desc_cfg
                0x0000000010009324       0x54 CMakeFiles/main.dir/home/dan/raspberry-pi-pico/pico/pico-sdk/src/rp2_common/pico_stdio_usb/stdio_usb_descriptors.c.obj
 .rodata.usbd_desc_device
                0x0000000010009378       0x12 CMakeFiles/main.dir/home/dan/raspberry-pi-pico/pico/pico-sdk/src/rp2_common/pico_stdio_usb/stdio_usb_descriptors.c.obj
 *fill*         0x000000001000938a        0x2 
 .rodata.usbd_desc_str
                0x000000001000938c       0x18 CMakeFiles/main.dir/home/dan/raspberry-pi-pico/pico/pico-sdk/src/rp2_common/pico_stdio_usb/stdio_usb_descriptors.c.obj
 .rodata.pico_get_unique_board_id_string.str1.4
                0x00000000100093a4       0x5c CMakeFiles/main.dir/home/dan/raspberry-pi-pico/pico/pico-sdk/src/rp2_common/pico_unique_id/unique_id.c.obj
 .rodata.__func__.4305
                0x0000000010009400       0x20 CMakeFiles/main.dir/home/dan/raspberry-pi-pico/pico/pico-sdk/src/rp2_common/pico_unique_id/unique_id.c.obj
 .rodata.str1.4
                0x0000000010009420      0x166 CMakeFiles/main.dir/home/dan/raspberry-pi-pico/pico/pico-sdk/src/rp2_common/hardware_flash/flash.c.obj
 *fill*         0x0000000010009586        0x2 
 .rodata.__func__.4479
                0x0000000010009588        0xd CMakeFiles/main.dir/home/dan/raspberry-pi-pico/pico/pico-sdk/src/rp2_common/hardware_flash/flash.c.obj
 *fill*         0x0000000010009595        0x3 
 .rodata._hw_endpoint_alloc.str1.4
                0x0000000010009598       0xc5 CMakeFiles/main.dir/home/dan/raspberry-pi-pico/pico/pico-sdk/lib/tinyusb/src/portable/raspberrypi/rp2040/dcd_rp2040.c.obj
 *fill*         0x000000001000965d        0x3 
 .rodata.str1.4
                0x0000000010009660       0x14 CMakeFiles/main.dir/home/dan/raspberry-pi-pico/pico/pico-sdk/lib/tinyusb/src/portable/raspberrypi/rp2040/dcd_rp2040.c.obj
 .rodata.dcd_int_enable.str1.4
                0x0000000010009674        0xc CMakeFiles/main.dir/home/dan/raspberry-pi-pico/pico/pico-sdk/lib/tinyusb/src/portable/raspberrypi/rp2040/dcd_rp2040.c.obj
 .rodata.__func__.6897
                0x0000000010009680       0x13 CMakeFiles/main.dir/home/dan/raspberry-pi-pico/pico/pico-sdk/lib/tinyusb/src/portable/raspberrypi/rp2040/dcd_rp2040.c.obj
 *fill*         0x0000000010009693        0x1 
 .rodata.__func__.6968
                0x0000000010009694        0x9 CMakeFiles/main.dir/home/dan/raspberry-pi-pico/pico/pico-sdk/lib/tinyusb/src/portable/raspberrypi/rp2040/dcd_rp2040.c.obj
 *fill*         0x000000001000969d        0x3 
 .rodata.__func__.6972
                0x00000000100096a0        0xf CMakeFiles/main.dir/home/dan/raspberry-pi-pico/pico/pico-sdk/lib/tinyusb/src/portable/raspberrypi/rp2040/dcd_rp2040.c.obj
 *fill*         0x00000000100096af        0x1 
 .rodata.__func__.6981
                0x00000000100096b0       0x10 CMakeFiles/main.dir/home/dan/raspberry-pi-pico/pico/pico-sdk/lib/tinyusb/src/portable/raspberrypi/rp2040/dcd_rp2040.c.obj
 .rodata.__func__.7004
                0x00000000100096c0        0xe CMakeFiles/main.dir/home/dan/raspberry-pi-pico/pico/pico-sdk/lib/tinyusb/src/portable/raspberrypi/rp2040/dcd_rp2040.c.obj
 *fill*         0x00000000100096ce        0x2 
 .rodata.__func__.7014
                0x00000000100096d0        0xe CMakeFiles/main.dir/home/dan/raspberry-pi-pico/pico/pico-sdk/lib/tinyusb/src/portable/raspberrypi/rp2040/dcd_rp2040.c.obj
 *fill*         0x00000000100096de        0x2 
 .rodata.str1.4
                0x00000000100096e0       0xf7 CMakeFiles/main.dir/home/dan/raspberry-pi-pico/pico/pico-sdk/lib/tinyusb/src/portable/raspberrypi/rp2040/rp2040_usb.c.obj
 *fill*         0x00000000100097d7        0x1 
 .rodata.__func__.6723
                0x00000000100097d8        0xf CMakeFiles/main.dir/home/dan/raspberry-pi-pico/pico/pico-sdk/lib/tinyusb/src/portable/raspberrypi/rp2040/rp2040_usb.c.obj
 *fill*         0x00000000100097e7        0x1 
 .rodata.process_get_descriptor
                0x00000000100097e8       0x40 CMakeFiles/main.dir/home/dan/raspberry-pi-pico/pico/pico-sdk/lib/tinyusb/src/device/usbd.c.obj
 .rodata.process_control_request
                0x0000000010009828       0x28 CMakeFiles/main.dir/home/dan/raspberry-pi-pico/pico/pico-sdk/lib/tinyusb/src/device/usbd.c.obj
 .rodata.tud_task_ext
                0x0000000010009850       0x24 CMakeFiles/main.dir/home/dan/raspberry-pi-pico/pico/pico-sdk/lib/tinyusb/src/device/usbd.c.obj
 .rodata._usbd_driver
                0x0000000010009874       0x18 CMakeFiles/main.dir/home/dan/raspberry-pi-pico/pico/pico-sdk/lib/tinyusb/src/device/usbd.c.obj
 .rodata.multicore_lockout_start_block_until.str1.4
                0x000000001000988c       0x6c CMakeFiles/main.dir/home/dan/raspberry-pi-pico/pico/pico-sdk/src/rp2_common/pico_multicore/multicore.c.obj
 .rodata.multicore_launch_core1_with_stack.str1.4
                0x00000000100098f8       0x19 CMakeFiles/main.dir/home/dan/raspberry-pi-pico/pico/pico-sdk/src/rp2_common/pico_multicore/multicore.c.obj
 *fill*         0x0000000010009911        0x3 
 .rodata.__func__.4946
                0x0000000010009914       0x22 CMakeFiles/main.dir/home/dan/raspberry-pi-pico/pico/pico-sdk/src/rp2_common/pico_multicore/multicore.c.obj
 *fill*         0x0000000010009936        0x2 
 .rodata.i2c_set_baudrate.str1.4
                0x0000000010009938       0x6c CMakeFiles/main.dir/home/dan/raspberry-pi-pico/pico/pico-sdk/src/rp2_common/hardware_i2c/i2c.c.obj
 .rodata.__func__.4844
                0x00000000100099a4       0x11 CMakeFiles/main.dir/home/dan/raspberry-pi-pico/pico/pico-sdk/src/rp2_common/hardware_i2c/i2c.c.obj
 *fill*         0x00000000100099b5        0x3 
 .rodata.DEV_Module_Init.str1.4
                0x00000000100099b8       0x15 Config/libConfig.a(DEV_Config.c.obj)
 *fill*         0x00000000100099cd        0x3 
 .rodata.DEV_SET_PWM.str1.4
                0x00000000100099d0       0x14 Config/libConfig.a(DEV_Config.c.obj)
                0x00000000100099e4                . = ALIGN (0x4)
 *(SORT_BY_ALIGNMENT(SORT_BY_NAME(.flashdata*)))
                0x00000000100099e4                . = ALIGN (0x4)

.ARM.extab
 *(.ARM.extab* .gnu.linkonce.armextab.*)
                0x00000000100099e4                __exidx_start = .

.ARM.exidx
 *(.ARM.exidx* .gnu.linkonce.armexidx.*)
                0x00000000100099e4                __exidx_end = .
                0x00000000100099e4                . = ALIGN (0x4)
                0x00000000100099e4                __binary_info_start = .

.binary_info    0x00000000100099e4       0x20
 *(.binary_info.keep.*)
 .binary_info.keep.__bi_ptr22
                0x00000000100099e4        0x4 CMakeFiles/main.dir/home/dan/raspberry-pi-pico/pico/pico-sdk/src/rp2_common/pico_standard_link/binary_info.c.obj
 .binary_info.keep.__bi_ptr30
                0x00000000100099e8        0x4 CMakeFiles/main.dir/home/dan/raspberry-pi-pico/pico/pico-sdk/src/rp2_common/pico_standard_link/binary_info.c.obj
 .binary_info.keep.__bi_ptr38
                0x00000000100099ec        0x4 CMakeFiles/main.dir/home/dan/raspberry-pi-pico/pico/pico-sdk/src/rp2_common/pico_standard_link/binary_info.c.obj
 .binary_info.keep.__bi_ptr44
                0x00000000100099f0        0x4 CMakeFiles/main.dir/home/dan/raspberry-pi-pico/pico/pico-sdk/src/rp2_common/pico_standard_link/binary_info.c.obj
 .binary_info.keep.__bi_ptr50
                0x00000000100099f4        0x4 CMakeFiles/main.dir/home/dan/raspberry-pi-pico/pico/pico-sdk/src/rp2_common/pico_standard_link/binary_info.c.obj
 .binary_info.keep.__bi_ptr75
                0x00000000100099f8        0x4 CMakeFiles/main.dir/home/dan/raspberry-pi-pico/pico/pico-sdk/src/rp2_common/pico_standard_link/binary_info.c.obj
 .binary_info.keep.__bi_ptr81